../Drivers/CMSIS/Include/core_cm3.h:1762:34:__NVIC_SystemReset	4	static,ignoring_inline_asm
../Core/Src/main.c:214:6:set_time	16	static
../Core/Src/main.c:250:5:main	128	static
../Core/Src/main.c:476:6:SystemClock_Config	88	static
../Core/Src/main.c:525:13:MX_ADC1_Init	24	static
../Core/Src/main.c:572:13:MX_I2C1_Init	8	static
../Core/Src/main.c:606:13:MX_RTC_Init	24	static
../Core/Src/main.c:679:13:MX_SPI1_Init	8	static
../Core/Src/main.c:717:13:MX_TIM2_Init	32	static
../Core/Src/main.c:762:13:MX_TIM3_Init	32	static
../Core/Src/main.c:807:13:MX_USART1_UART_Init	8	static
../Core/Src/main.c:840:13:MX_USART2_UART_Init	8	static
../Core/Src/main.c:873:13:MX_USART3_UART_Init	8	static
../Core/Src/main.c:906:13:MX_GPIO_Init	40	static
../Core/Src/main.c:965:13:Init_SD	64	static
../Core/Src/main.c:984:13:Write_SD	16	static
../Core/Src/main.c:992:13:Init_Sensors	8	static
../Core/Src/main.c:1024:13:Read_All_Sensors	8	static
../Core/Src/main.c:1049:13:Init_BMP280	16	static
../Core/Src/main.c:1068:13:Read_BMP280	8	static
../Core/Src/main.c:1081:6:WriteMsg	16	static
../Core/Src/main.c:1086:13:Read_Dust	8	static
../Core/Src/main.c:1110:13:Set_Status	8	static
../Core/Src/main.c:1137:13:Leer_Pin_TFT	8	static
../Core/Src/main.c:1147:6:HAL_TIM_PeriodElapsedCallback	16	static
../Core/Src/main.c:1255:6:HAL_GPIO_EXTI_Callback	16	static
../Core/Src/main.c:1403:13:SCD30_Init	32	static
../Core/Src/main.c:1425:6:SCD30_Start	24	static
../Core/Src/main.c:1431:6:SCD30_Restart	24	static
../Core/Src/main.c:1437:13:SCD30_Read	72	static
../Core/Src/main.c:1483:6:Error_Handler	4	static,ignoring_inline_asm
