Archive member included to satisfy reference by file (symbol)

/Applications/STM32CubeIDE.app/Contents/Eclipse/plugins/com.st.stm32cube.ide.mcu.externaltools.gnu-tools-for-stm32.10.3-2021.10.macos64_1.0.0.202111181127/tools/bin/../lib/gcc/arm-none-eabi/10.3.1/../../../../arm-none-eabi/lib/thumb/v7-m/nofp/libc_nano.a(lib_a-errno.o)
                              ./Core/Src/syscalls.o (__errno)
/Applications/STM32CubeIDE.app/Contents/Eclipse/plugins/com.st.stm32cube.ide.mcu.externaltools.gnu-tools-for-stm32.10.3-2021.10.macos64_1.0.0.202111181127/tools/bin/../lib/gcc/arm-none-eabi/10.3.1/../../../../arm-none-eabi/lib/thumb/v7-m/nofp/libc_nano.a(lib_a-exit.o)
                              /Applications/STM32CubeIDE.app/Contents/Eclipse/plugins/com.st.stm32cube.ide.mcu.externaltools.gnu-tools-for-stm32.10.3-2021.10.macos64_1.0.0.202111181127/tools/bin/../lib/gcc/arm-none-eabi/10.3.1/../../../../arm-none-eabi/lib/thumb/v7-m/nofp/crt0.o (exit)
/Applications/STM32CubeIDE.app/Contents/Eclipse/plugins/com.st.stm32cube.ide.mcu.externaltools.gnu-tools-for-stm32.10.3-2021.10.macos64_1.0.0.202111181127/tools/bin/../lib/gcc/arm-none-eabi/10.3.1/../../../../arm-none-eabi/lib/thumb/v7-m/nofp/libc_nano.a(lib_a-impure.o)
                              /Applications/STM32CubeIDE.app/Contents/Eclipse/plugins/com.st.stm32cube.ide.mcu.externaltools.gnu-tools-for-stm32.10.3-2021.10.macos64_1.0.0.202111181127/tools/bin/../lib/gcc/arm-none-eabi/10.3.1/../../../../arm-none-eabi/lib/thumb/v7-m/nofp/libc_nano.a(lib_a-exit.o) (_global_impure_ptr)
/Applications/STM32CubeIDE.app/Contents/Eclipse/plugins/com.st.stm32cube.ide.mcu.externaltools.gnu-tools-for-stm32.10.3-2021.10.macos64_1.0.0.202111181127/tools/bin/../lib/gcc/arm-none-eabi/10.3.1/../../../../arm-none-eabi/lib/thumb/v7-m/nofp/libc_nano.a(lib_a-init.o)
                              /Applications/STM32CubeIDE.app/Contents/Eclipse/plugins/com.st.stm32cube.ide.mcu.externaltools.gnu-tools-for-stm32.10.3-2021.10.macos64_1.0.0.202111181127/tools/bin/../lib/gcc/arm-none-eabi/10.3.1/../../../../arm-none-eabi/lib/thumb/v7-m/nofp/crt0.o (__libc_init_array)
/Applications/STM32CubeIDE.app/Contents/Eclipse/plugins/com.st.stm32cube.ide.mcu.externaltools.gnu-tools-for-stm32.10.3-2021.10.macos64_1.0.0.202111181127/tools/bin/../lib/gcc/arm-none-eabi/10.3.1/../../../../arm-none-eabi/lib/thumb/v7-m/nofp/libc_nano.a(lib_a-memset.o)
                              /Applications/STM32CubeIDE.app/Contents/Eclipse/plugins/com.st.stm32cube.ide.mcu.externaltools.gnu-tools-for-stm32.10.3-2021.10.macos64_1.0.0.202111181127/tools/bin/../lib/gcc/arm-none-eabi/10.3.1/../../../../arm-none-eabi/lib/thumb/v7-m/nofp/crt0.o (memset)
/Applications/STM32CubeIDE.app/Contents/Eclipse/plugins/com.st.stm32cube.ide.mcu.externaltools.gnu-tools-for-stm32.10.3-2021.10.macos64_1.0.0.202111181127/tools/bin/../lib/gcc/arm-none-eabi/10.3.1/../../../../arm-none-eabi/lib/thumb/v7-m/nofp/libc_nano.a(lib_a-nano-vfprintf_float.o)
                              (_printf_float)
/Applications/STM32CubeIDE.app/Contents/Eclipse/plugins/com.st.stm32cube.ide.mcu.externaltools.gnu-tools-for-stm32.10.3-2021.10.macos64_1.0.0.202111181127/tools/bin/../lib/gcc/arm-none-eabi/10.3.1/../../../../arm-none-eabi/lib/thumb/v7-m/nofp/libc_nano.a(lib_a-nano-vfprintf_i.o)
                              /Applications/STM32CubeIDE.app/Contents/Eclipse/plugins/com.st.stm32cube.ide.mcu.externaltools.gnu-tools-for-stm32.10.3-2021.10.macos64_1.0.0.202111181127/tools/bin/../lib/gcc/arm-none-eabi/10.3.1/../../../../arm-none-eabi/lib/thumb/v7-m/nofp/libc_nano.a(lib_a-nano-vfprintf_float.o) (_printf_common)
/Applications/STM32CubeIDE.app/Contents/Eclipse/plugins/com.st.stm32cube.ide.mcu.externaltools.gnu-tools-for-stm32.10.3-2021.10.macos64_1.0.0.202111181127/tools/bin/../lib/gcc/arm-none-eabi/10.3.1/../../../../arm-none-eabi/lib/thumb/v7-m/nofp/libc_nano.a(lib_a-sprintf.o)
                              ./Core/Src/main.o (sprintf)
/Applications/STM32CubeIDE.app/Contents/Eclipse/plugins/com.st.stm32cube.ide.mcu.externaltools.gnu-tools-for-stm32.10.3-2021.10.macos64_1.0.0.202111181127/tools/bin/../lib/gcc/arm-none-eabi/10.3.1/../../../../arm-none-eabi/lib/thumb/v7-m/nofp/libc_nano.a(lib_a-strcpy.o)
                              ./Core/Src/main.o (strcpy)
/Applications/STM32CubeIDE.app/Contents/Eclipse/plugins/com.st.stm32cube.ide.mcu.externaltools.gnu-tools-for-stm32.10.3-2021.10.macos64_1.0.0.202111181127/tools/bin/../lib/gcc/arm-none-eabi/10.3.1/../../../../arm-none-eabi/lib/thumb/v7-m/nofp/libc_nano.a(lib_a-strlen.o)
                              /Applications/STM32CubeIDE.app/Contents/Eclipse/plugins/com.st.stm32cube.ide.mcu.externaltools.gnu-tools-for-stm32.10.3-2021.10.macos64_1.0.0.202111181127/tools/bin/../lib/gcc/arm-none-eabi/10.3.1/../../../../arm-none-eabi/lib/thumb/v7-m/nofp/libc_nano.a(lib_a-nano-vfprintf_float.o) (strlen)
[...]
Memory Configuration

Name             Origin             Length             Attributes
RAM              0x0000000020000000 0x0000000000005000 xrw
FLASH            0x0000000008000000 0x0000000000010000 xr
*default*        0x0000000000000000 0xffffffffffffffff

Linker script and memory map

LOAD /Applications/STM32CubeIDE.app/Contents/Eclipse/plugins/com.st.stm32cube.ide.mcu.externaltools.gnu-tools-for-stm32.10.3-2021.10.macos64_1.0.0.202111181127/tools/bin/../lib/gcc/arm-none-eabi/10.3.1/thumb/v7-m/nofp/crti.o
LOAD /Applications/STM32CubeIDE.app/Contents/Eclipse/plugins/com.st.stm32cube.ide.mcu.externaltools.gnu-tools-for-stm32.10.3-2021.10.macos64_1.0.0.202111181127/tools/bin/../lib/gcc/arm-none-eabi/10.3.1/thumb/v7-m/nofp/crtbegin.o
LOAD /Applications/STM32CubeIDE.app/Contents/Eclipse/plugins/com.st.stm32cube.ide.mcu.externaltools.gnu-tools-for-stm32.10.3-2021.10.macos64_1.0.0.202111181127/tools/bin/../lib/gcc/arm-none-eabi/10.3.1/../../../../arm-none-eabi/lib/thumb/v7-m/nofp/crt0.o
LOAD ./Core/Src/bmp280.o
LOAD ./Core/Src/fatfs_sd.o
LOAD ./Core/Src/main.o
LOAD ./Core/Src/scd30.o
LOAD ./Core/Src/sht21.o
LOAD ./Core/Src/stm32f1xx_hal_msp.o
LOAD ./Core/Src/stm32f1xx_it.o
LOAD ./Core/Src/syscalls.o
LOAD ./Core/Src/sysmem.o
LOAD ./Core/Src/system_stm32f1xx.o
LOAD ./Core/Startup/startup_stm32f103c8tx.o
LOAD ./Drivers/STM32F1xx_HAL_Driver/Src/stm32f1xx_hal.o
LOAD ./Drivers/STM32F1xx_HAL_Driver/Src/stm32f1xx_hal_adc.o
LOAD ./Drivers/STM32F1xx_HAL_Driver/Src/stm32f1xx_hal_adc_ex.o
LOAD ./Drivers/STM32F1xx_HAL_Driver/Src/stm32f1xx_hal_cortex.o
LOAD ./Drivers/STM32F1xx_HAL_Driver/Src/stm32f1xx_hal_dma.o
LOAD ./Drivers/STM32F1xx_HAL_Driver/Src/stm32f1xx_hal_exti.o
LOAD ./Drivers/STM32F1xx_HAL_Driver/Src/stm32f1xx_hal_flash.o
LOAD ./Drivers/STM32F1xx_HAL_Driver/Src/stm32f1xx_hal_flash_ex.o
LOAD ./Drivers/STM32F1xx_HAL_Driver/Src/stm32f1xx_hal_gpio.o
LOAD ./Drivers/STM32F1xx_HAL_Driver/Src/stm32f1xx_hal_gpio_ex.o
LOAD ./Drivers/STM32F1xx_HAL_Driver/Src/stm32f1xx_hal_i2c.o
LOAD ./Drivers/STM32F1xx_HAL_Driver/Src/stm32f1xx_hal_pwr.o
LOAD ./Drivers/STM32F1xx_HAL_Driver/Src/stm32f1xx_hal_rcc.o
LOAD ./Drivers/STM32F1xx_HAL_Driver/Src/stm32f1xx_hal_rcc_ex.o
LOAD ./Drivers/STM32F1xx_HAL_Driver/Src/stm32f1xx_hal_rtc.o
LOAD ./Drivers/STM32F1xx_HAL_Driver/Src/stm32f1xx_hal_rtc_ex.o
LOAD ./Drivers/STM32F1xx_HAL_Driver/Src/stm32f1xx_hal_spi.o
LOAD ./Drivers/STM32F1xx_HAL_Driver/Src/stm32f1xx_hal_tim.o
LOAD ./Drivers/STM32F1xx_HAL_Driver/Src/stm32f1xx_hal_tim_ex.o
LOAD ./Drivers/STM32F1xx_HAL_Driver/Src/stm32f1xx_hal_uart.o
LOAD ./FATFS/App/fatfs.o
LOAD ./FATFS/Target/user_diskio.o
LOAD ./Middlewares/Third_Party/FatFs/src/diskio.o
LOAD ./Middlewares/Third_Party/FatFs/src/ff.o
LOAD ./Middlewares/Third_Party/FatFs/src/ff_gen_drv.o
LOAD ./Middlewares/Third_Party/FatFs/src/option/ccsbcs.o
LOAD ./Middlewares/Third_Party/FatFs/src/option/syscall.o
START GROUP
LOAD /Applications/STM32CubeIDE.app/Contents/Eclipse/plugins/com.st.stm32cube.ide.mcu.externaltools.gnu-tools-for-stm32.10.3-2021.10.macos64_1.0.0.202111181127/tools/bin/../lib/gcc/arm-none-eabi/10.3.1/../../../../arm-none-eabi/lib/thumb/v7-m/nofp/libc_nano.a
LOAD /Applications/STM32CubeIDE.app/Contents/Eclipse/plugins/com.st.stm32cube.ide.mcu.externaltools.gnu-tools-for-stm32.10.3-2021.10.macos64_1.0.0.202111181127/tools/bin/../lib/gcc/arm-none-eabi/10.3.1/../../../../arm-none-eabi/lib/thumb/v7-m/nofp/libm.a
END GROUP
START GROUP
LOAD /Applications/STM32CubeIDE.app/Contents/Eclipse/plugins/com.st.stm32cube.ide.mcu.externaltools.gnu-tools-for-stm32.10.3-2021.10.macos64_1.0.0.202111181127/tools/bin/../lib/gcc/arm-none-eabi/10.3.1/thumb/v7-m/nofp/libgcc.a
LOAD /Applications/STM32CubeIDE.app/Contents/Eclipse/plugins/com.st.stm32cube.ide.mcu.externaltools.gnu-tools-for-stm32.10.3-2021.10.macos64_1.0.0.202111181127/tools/bin/../lib/gcc/arm-none-eabi/10.3.1/../../../../arm-none-eabi/lib/thumb/v7-m/nofp/libc_nano.a
END GROUP
START GROUP
LOAD /Applications/STM32CubeIDE.app/Contents/Eclipse/plugins/com.st.stm32cube.ide.mcu.externaltools.gnu-tools-for-stm32.10.3-2021.10.macos64_1.0.0.202111181127/tools/bin/../lib/gcc/arm-none-eabi/10.3.1/thumb/v7-m/nofp/libgcc.a
LOAD /Applications/STM32CubeIDE.app/Contents/Eclipse/plugins/com.st.stm32cube.ide.mcu.externaltools.gnu-tools-for-stm32.10.3-2021.10.macos64_1.0.0.202111181127/tools/bin/../lib/gcc/arm-none-eabi/10.3.1/../../../../arm-none-eabi/lib/thumb/v7-m/nofp/libc_nano.a
LOAD /Applications/STM32CubeIDE.app/Contents/Eclipse/plugins/com.st.stm32cube.ide.mcu.externaltools.gnu-tools-for-stm32.10.3-2021.10.macos64_1.0.0.202111181127/tools/bin/../lib/gcc/arm-none-eabi/10.3.1/../../../../arm-none-eabi/lib/thumb/v7-m/nofp/libnosys.a
END GROUP
START GROUP
LOAD /Applications/STM32CubeIDE.app/Contents/Eclipse/plugins/com.st.stm32cube.ide.mcu.externaltools.gnu-tools-for-stm32.10.3-2021.10.macos64_1.0.0.202111181127/tools/bin/../lib/gcc/arm-none-eabi/10.3.1/thumb/v7-m/nofp/libgcc.a
LOAD /Applications/STM32CubeIDE.app/Contents/Eclipse/plugins/com.st.stm32cube.ide.mcu.externaltools.gnu-tools-for-stm32.10.3-2021.10.macos64_1.0.0.202111181127/tools/bin/../lib/gcc/arm-none-eabi/10.3.1/../../../../arm-none-eabi/lib/thumb/v7-m/nofp/libc_nano.a
LOAD /Applications/STM32CubeIDE.app/Contents/Eclipse/plugins/com.st.stm32cube.ide.mcu.externaltools.gnu-tools-for-stm32.10.3-2021.10.macos64_1.0.0.202111181127/tools/bin/../lib/gcc/arm-none-eabi/10.3.1/../../../../arm-none-eabi/lib/thumb/v7-m/nofp/libnosys.a
END GROUP
LOAD /Applications/STM32CubeIDE.app/Contents/Eclipse/plugins/com.st.stm32cube.ide.mcu.externaltools.gnu-tools-for-stm32.10.3-2021.10.macos64_1.0.0.202111181127/tools/bin/../lib/gcc/arm-none-eabi/10.3.1/thumb/v7-m/nofp/crtend.o
LOAD /Applications/STM32CubeIDE.app/Contents/Eclipse/plugins/com.st.stm32cube.ide.mcu.externaltools.gnu-tools-for-stm32.10.3-2021.10.macos64_1.0.0.202111181127/tools/bin/../lib/gcc/arm-none-eabi/10.3.1/thumb/v7-m/nofp/crtn.o
                0x0000000020005000                _estack = (ORIGIN (RAM) + LENGTH (RAM))
                0x0000000000000200                _Min_Heap_Size = 0x200
                0x0000000000000400                _Min_Stack_Size = 0x400

.isr_vector     0x0000000008000000      0x10c
                0x0000000008000000                . = ALIGN (0x4)
 *(.isr_vector)
 .isr_vector    0x0000000008000000      0x10c ./Core/Startup/startup_stm32f103c8tx.o
                0x0000000008000000                g_pfnVectors
                0x000000000800010c                . = ALIGN (0x4)

.text           0x0000000008000110     0xbd28
                0x0000000008000110                . = ALIGN (0x4)
 *(.text)
 .text          0x0000000008000110       0x40 /Applications/STM32CubeIDE.app/Contents/Eclipse/plugins/com.st.stm32cube.ide.mcu.externaltools.gnu-tools-for-stm32.10.3-2021.10.macos64_1.0.0.202111181127/tools/bin/../lib/gcc/arm-none-eabi/10.3.1/thumb/v7-m/nofp/crtbegin.o
 .text          0x0000000008000150       0x10 /Applications/STM32CubeIDE.app/Contents/Eclipse/plugins/com.st.stm32cube.ide.mcu.externaltools.gnu-tools-for-stm32.10.3-2021.10.macos64_1.0.0.202111181127/tools/bin/../lib/gcc/arm-none-eabi/10.3.1/../../../../arm-none-eabi/lib/thumb/v7-m/nofp/libc_nano.a(lib_a-strlen.o)
                0x0000000008000150                strlen
 .text          0x0000000008000160      0x378 /Applications/STM32CubeIDE.app/Contents/Eclipse/plugins/com.st.stm32cube.ide.mcu.externaltools.gnu-tools-for-stm32.10.3-2021.10.macos64_1.0.0.202111181127/tools/bin/../lib/gcc/arm-none-eabi/10.3.1/thumb/v7-m/nofp/libgcc.a(_arm_addsubdf3.o)
                0x0000000008000160                __aeabi_drsub
                0x0000000008000168                __subdf3
                0x0000000008000168                __aeabi_dsub
                0x000000000800016c                __aeabi_dadd
                0x000000000800016c                __adddf3
                0x00000000080003e4                __aeabi_ui2d
                0x00000000080003e4                __floatunsidf
                0x0000000008000404                __floatsidf
                0x0000000008000404                __aeabi_i2d
                0x0000000008000428                __extendsfdf2
                0x0000000008000428                __aeabi_f2d
                0x000000000800046c                __aeabi_ul2d
                0x000000000800046c                __floatundidf
                0x000000000800047c                __aeabi_l2d
                0x000000000800047c                __floatdidf
 .text          0x00000000080004d8      0x424 /Applications/STM32CubeIDE.app/Contents/Eclipse/plugins/com.st.stm32cube.ide.mcu.externaltools.gnu-tools-for-stm32.10.3-2021.10.macos64_1.0.0.202111181127/tools/bin/../lib/gcc/arm-none-eabi/10.3.1/thumb/v7-m/nofp/libgcc.a(_arm_muldivdf3.o)
                0x00000000080004d8                __aeabi_dmul
                0x00000000080004d8                __muldf3
                0x000000000800072c                __aeabi_ddiv
                0x000000000800072c                __divdf3
 .text          0x00000000080008fc      0x110 /Applications/STM32CubeIDE.app/Contents/Eclipse/plugins/com.st.stm32cube.ide.mcu.externaltools.gnu-tools-for-stm32.10.3-2021.10.macos64_1.0.0.202111181127/tools/bin/../lib/gcc/arm-none-eabi/10.3.1/thumb/v7-m/nofp/libgcc.a(_arm_cmpdf2.o)
                0x00000000080008fc                __gedf2
                0x00000000080008fc                __gtdf2
                0x0000000008000904                __ledf2
                0x0000000008000904                __ltdf2
                0x000000000800090c                __cmpdf2
                0x000000000800090c                __eqdf2
                0x000000000800090c                __nedf2
                0x0000000008000988                __aeabi_cdrcmple
                0x0000000008000998                __aeabi_cdcmple
                0x0000000008000998                __aeabi_cdcmpeq
                0x00000000080009a8                __aeabi_dcmpeq
                0x00000000080009bc                __aeabi_dcmplt
                0x00000000080009d0                __aeabi_dcmple
                0x00000000080009e4                __aeabi_dcmpge
                0x00000000080009f8                __aeabi_dcmpgt
 .text          0x0000000008000a0c       0x2c /Applications/STM32CubeIDE.app/Contents/Eclipse/plugins/com.st.stm32cube.ide.mcu.externaltools.gnu-tools-for-stm32.10.3-2021.10.macos64_1.0.0.202111181127/tools/bin/../lib/gcc/arm-none-eabi/10.3.1/thumb/v7-m/nofp/libgcc.a(_arm_unorddf2.o)
                0x0000000008000a0c                __aeabi_dcmpun
                0x0000000008000a0c                __unorddf2
 .text          0x0000000008000a38       0x50 /Applications/STM32CubeIDE.app/Contents/Eclipse/plugins/com.st.stm32cube.ide.mcu.externaltools.gnu-tools-for-stm32.10.3-2021.10.macos64_1.0.0.202111181127/tools/bin/../lib/gcc/arm-none-eabi/10.3.1/thumb/v7-m/nofp/libgcc.a(_arm_fixdfsi.o)
                0x0000000008000a38                __fixdfsi
                0x0000000008000a38                __aeabi_d2iz
 .text          0x0000000008000a88       0xa0 /Applications/STM32CubeIDE.app/Contents/Eclipse/plugins/com.st.stm32cube.ide.mcu.externaltools.gnu-tools-for-stm32.10.3-2021.10.macos64_1.0.0.202111181127/tools/bin/../lib/gcc/arm-none-eabi/10.3.1/thumb/v7-m/nofp/libgcc.a(_arm_truncdfsf2.o)
                0x0000000008000a88                __aeabi_d2f
                0x0000000008000a88                __truncdfsf2
 .text          0x0000000008000b28      0x21c /Applications/STM32CubeIDE.app/Contents/Eclipse/plugins/com.st.stm32cube.ide.mcu.externaltools.gnu-tools-for-stm32.10.3-2021.10.macos64_1.0.0.202111181127/tools/bin/../lib/gcc/arm-none-eabi/10.3.1/thumb/v7-m/nofp/libgcc.a(_arm_addsubsf3.o)
                0x0000000008000b28                __aeabi_frsub
                0x0000000008000b30                __aeabi_fsub
                0x0000000008000b30                __subsf3
                0x0000000008000b34                __aeabi_fadd
                0x0000000008000b34                __addsf3
                0x0000000008000c94                __aeabi_ui2f
                0x0000000008000c94                __floatunsisf
                0x0000000008000c9c                __floatsisf
                0x0000000008000c9c                __aeabi_i2f
                0x0000000008000cb8                __aeabi_ul2f
                0x0000000008000cb8                __floatundisf
                0x0000000008000cc8                __aeabi_l2f
                0x0000000008000cc8                __floatdisf
 .text          0x0000000008000d44      0x2a0 /Applications/STM32CubeIDE.app/Contents/Eclipse/plugins/com.st.stm32cube.ide.mcu.externaltools.gnu-tools-for-stm32.10.3-2021.10.macos64_1.0.0.202111181127/tools/bin/../lib/gcc/arm-none-eabi/10.3.1/thumb/v7-m/nofp/libgcc.a(_arm_muldivsf3.o)
                0x0000000008000d44                __mulsf3
                0x0000000008000d44                __aeabi_fmul
                0x0000000008000eac                __divsf3
                0x0000000008000eac                __aeabi_fdiv
 .text          0x0000000008000fe4       0xa0 /Applications/STM32CubeIDE.app/Contents/Eclipse/plugins/com.st.stm32cube.ide.mcu.externaltools.gnu-tools-for-stm32.10.3-2021.10.macos64_1.0.0.202111181127/tools/bin/../lib/gcc/arm-none-eabi/10.3.1/thumb/v7-m/nofp/libgcc.a(_aeabi_ldivmod.o)
                0x0000000008000fe4                __aeabi_ldivmod
 .text          0x0000000008001084      0x2d4 /Applications/STM32CubeIDE.app/Contents/Eclipse/plugins/com.st.stm32cube.ide.mcu.externaltools.gnu-tools-for-stm32.10.3-2021.10.macos64_1.0.0.202111181127/tools/bin/../lib/gcc/arm-none-eabi/10.3.1/thumb/v7-m/nofp/libgcc.a(_udivmoddi4.o)
                0x0000000008001084                __udivmoddi4
 .text          0x0000000008001358        0x4 /Applications/STM32CubeIDE.app/Contents/Eclipse/plugins/com.st.stm32cube.ide.mcu.externaltools.gnu-tools-for-stm32.10.3-2021.10.macos64_1.0.0.202111181127/tools/bin/../lib/gcc/arm-none-eabi/10.3.1/thumb/v7-m/nofp/libgcc.a(_dvmd_tls.o)
                0x0000000008001358                __aeabi_ldiv0
                0x0000000008001358                __aeabi_idiv0
 *(.text*)
 .text.read_data
                0x000000000800135c       0x2a ./Core/Src/bmp280.o
 .text.read_register16
                0x0000000008001386       0x38 ./Core/Src/bmp280.o
 .text.write_register8
                0x00000000080013be       0x32 ./Core/Src/bmp280.o
 .text.bmp280_init_default_params
                0x00000000080013f0       0x14 ./Core/Src/bmp280.o
                0x00000000080013f0                bmp280_init_default_params
 .text.bmp280_init
                0x0000000008001404      0x204 ./Core/Src/bmp280.o
                0x0000000008001404                bmp280_init
 .text.bmp280_read_fixed
                0x0000000008001608      0x240 ./Core/Src/bmp280.o
                0x0000000008001608                bmp280_read_fixed
 .text.bmp280_read_float
                0x0000000008001848       0x58 ./Core/Src/bmp280.o
                0x0000000008001848                bmp280_read_float
 .text.SPI_TxBuffer
                0x00000000080018a0       0x1c ./Core/Src/fatfs_sd.o
 .text.SPI_TxByte
                0x00000000080018bc       0x28 ./Core/Src/fatfs_sd.o
 .text.SELECT   0x00000000080018e4       0x1c ./Core/Src/fatfs_sd.o
 .text.DESELECT
                0x0000000008001900       0x1c ./Core/Src/fatfs_sd.o
 .text.SPI_RxByte
                0x000000000800191c       0x34 ./Core/Src/fatfs_sd.o
 .text.SD_PowerOn
                0x0000000008001950       0x64 ./Core/Src/fatfs_sd.o
 .text.SD_ReadyWait
                0x00000000080019b4       0x20 ./Core/Src/fatfs_sd.o
 .text.SD_TxDataBlock
                0x00000000080019d4       0x5e ./Core/Src/fatfs_sd.o
 .text.SD_SendCmd
                0x0000000008001a32       0x64 ./Core/Src/fatfs_sd.o
 *fill*         0x0000000008001a96        0x2 
 .text.SD_RxDataBlock
                0x0000000008001a98       0x44 ./Core/Src/fatfs_sd.o
 .text.SD_disk_initialize
                0x0000000008001adc      0x154 ./Core/Src/fatfs_sd.o
                0x0000000008001adc                SD_disk_initialize
 .text.SD_disk_status
                0x0000000008001c30       0x14 ./Core/Src/fatfs_sd.o
                0x0000000008001c30                SD_disk_status
 .text.SD_disk_read
                0x0000000008001c44       0x8c ./Core/Src/fatfs_sd.o
                0x0000000008001c44                SD_disk_read
 .text.SD_disk_write
                0x0000000008001cd0       0xb0 ./Core/Src/fatfs_sd.o
                0x0000000008001cd0                SD_disk_write
 .text.SD_disk_ioctl
                0x0000000008001d80      0x144 ./Core/Src/fatfs_sd.o
                0x0000000008001d80                SD_disk_ioctl
 .text.__NVIC_SystemReset
                0x0000000008001ec4       0x24 ./Core/Src/main.o
 .text.SystemClock_Config
                0x0000000008001ee8       0x8a ./Core/Src/main.o
                0x0000000008001ee8                SystemClock_Config
 *fill*         0x0000000008001f72        0x2 
 .text.Write_SD
                0x0000000008001f74       0x38 ./Core/Src/main.o
                0x0000000008001f74                Write_SD
 .text.WriteMsg
                0x0000000008001fac       0x34 ./Core/Src/main.o
                0x0000000008001fac                WriteMsg
 .text.Init_SD  0x0000000008001fe0      0x12c ./Core/Src/main.o
                0x0000000008001fe0                Init_SD
 .text.Init_BMP280
                0x000000000800210c       0x4c ./Core/Src/main.o
                0x000000000800210c                Init_BMP280
 .text.Read_BMP280
                0x0000000008002158       0x58 ./Core/Src/main.o
                0x0000000008002158                Read_BMP280
 .text.set_time
                0x00000000080021b0       0x80 ./Core/Src/main.o
                0x00000000080021b0                set_time
 .text.Read_Dust
                0x0000000008002230       0x54 ./Core/Src/main.o
                0x0000000008002230                Read_Dust
 .text.Set_Status
                0x0000000008002284       0x7c ./Core/Src/main.o
                0x0000000008002284                Set_Status
 .text.Leer_TFTSwitch
                0x0000000008002300       0x40 ./Core/Src/main.o
                0x0000000008002300                Leer_TFTSwitch
 .text.HAL_TIM_PeriodElapsedCallback
                0x0000000008002340       0x88 ./Core/Src/main.o
                0x0000000008002340                HAL_TIM_PeriodElapsedCallback
 .text.HAL_UART_TxCpltCallback
                0x00000000080023c8       0x74 ./Core/Src/main.o
                0x00000000080023c8                HAL_UART_TxCpltCallback
 .text.SCD30_Init
                0x000000000800243c       0x70 ./Core/Src/main.o
                0x000000000800243c                SCD30_Init
 .text.SCD30_Start
                0x00000000080024ac       0x34 ./Core/Src/main.o
                0x00000000080024ac                SCD30_Start
 .text.Init_Sensors
                0x00000000080024e0       0x84 ./Core/Src/main.o
                0x00000000080024e0                Init_Sensors
 .text.SCD30_Read
                0x0000000008002564       0xac ./Core/Src/main.o
                0x0000000008002564                SCD30_Read
 .text.Read_All_Sensors
                0x0000000008002610       0x58 ./Core/Src/main.o
                0x0000000008002610                Read_All_Sensors
 .text.Calculate_Time
                0x0000000008002668       0x58 ./Core/Src/main.o
                0x0000000008002668                Calculate_Time
 .text.Calculate_SdStat
                0x00000000080026c0       0x3c ./Core/Src/main.o
                0x00000000080026c0                Calculate_SdStat
 .text.Send_Commands
                0x00000000080026fc       0x34 ./Core/Src/main.o
                0x00000000080026fc                Send_Commands
 .text.HAL_GPIO_EXTI_Callback
                0x0000000008002730      0x2a8 ./Core/Src/main.o
                0x0000000008002730                HAL_GPIO_EXTI_Callback
 .text.startup.main
                0x00000000080029d8      0x8e0 ./Core/Src/main.o
                0x00000000080029d8                main
 .text.SHT2x_Init
                0x00000000080032b8        0xc ./Core/Src/sht21.o
                0x00000000080032b8                SHT2x_Init
 .text.SHT2x_SoftReset
                0x00000000080032c4       0x28 ./Core/Src/sht21.o
                0x00000000080032c4                SHT2x_SoftReset
 .text.SHT2x_ReadUserReg
                0x00000000080032ec       0x3c ./Core/Src/sht21.o
                0x00000000080032ec                SHT2x_ReadUserReg
 .text.SHT2x_GetRaw
                0x0000000008003328       0x50 ./Core/Src/sht21.o
                0x0000000008003328                SHT2x_GetRaw
 .text.SHT2x_GetTemperature
                0x0000000008003378       0x44 ./Core/Src/sht21.o
                0x0000000008003378                SHT2x_GetTemperature
 .text.SHT2x_SetResolution
                0x00000000080033bc       0x38 ./Core/Src/sht21.o
                0x00000000080033bc                SHT2x_SetResolution
 .text.HAL_MspInit
                0x00000000080033f4       0x44 ./Core/Src/stm32f1xx_hal_msp.o
                0x00000000080033f4                HAL_MspInit
 .text.HAL_ADC_MspInit
                0x0000000008003438       0x5c ./Core/Src/stm32f1xx_hal_msp.o
                0x0000000008003438                HAL_ADC_MspInit
 .text.HAL_I2C_MspInit
                0x0000000008003494       0x88 ./Core/Src/stm32f1xx_hal_msp.o
                0x0000000008003494                HAL_I2C_MspInit
 .text.HAL_I2C_MspDeInit
                0x000000000800351c       0x40 ./Core/Src/stm32f1xx_hal_msp.o
                0x000000000800351c                HAL_I2C_MspDeInit
 .text.HAL_RTC_MspInit
                0x000000000800355c       0x3c ./Core/Src/stm32f1xx_hal_msp.o
                0x000000000800355c                HAL_RTC_MspInit
 .text.HAL_SPI_MspInit
                0x0000000008003598       0x74 ./Core/Src/stm32f1xx_hal_msp.o
                0x0000000008003598                HAL_SPI_MspInit
 .text.HAL_TIM_Base_MspInit
                0x000000000800360c       0x6c ./Core/Src/stm32f1xx_hal_msp.o
                0x000000000800360c                HAL_TIM_Base_MspInit
 .text.HAL_UART_MspInit
                0x0000000008003678      0x150 ./Core/Src/stm32f1xx_hal_msp.o
                0x0000000008003678                HAL_UART_MspInit
 .text.NMI_Handler
                0x00000000080037c8        0x2 ./Core/Src/stm32f1xx_it.o
                0x00000000080037c8                NMI_Handler
 .text.HardFault_Handler
                0x00000000080037ca        0x2 ./Core/Src/stm32f1xx_it.o
                0x00000000080037ca                HardFault_Handler
 .text.MemManage_Handler
                0x00000000080037cc        0x2 ./Core/Src/stm32f1xx_it.o
                0x00000000080037cc                MemManage_Handler
 .text.BusFault_Handler
                0x00000000080037ce        0x2 ./Core/Src/stm32f1xx_it.o
                0x00000000080037ce                BusFault_Handler
 .text.UsageFault_Handler
                0x00000000080037d0        0x2 ./Core/Src/stm32f1xx_it.o
                0x00000000080037d0                UsageFault_Handler
 .text.SVC_Handler
                0x00000000080037d2        0x2 ./Core/Src/stm32f1xx_it.o
                0x00000000080037d2                SVC_Handler
 .text.DebugMon_Handler
                0x00000000080037d4        0x2 ./Core/Src/stm32f1xx_it.o
                0x00000000080037d4                DebugMon_Handler
 .text.PendSV_Handler
                0x00000000080037d6        0x2 ./Core/Src/stm32f1xx_it.o
                0x00000000080037d6                PendSV_Handler
 .text.SysTick_Handler
                0x00000000080037d8       0x20 ./Core/Src/stm32f1xx_it.o
                0x00000000080037d8                SysTick_Handler
 .text.EXTI4_IRQHandler
                0x00000000080037f8        0x6 ./Core/Src/stm32f1xx_it.o
                0x00000000080037f8                EXTI4_IRQHandler
 *fill*         0x00000000080037fe        0x2 
 .text.TIM2_IRQHandler
                0x0000000008003800        0xc ./Core/Src/stm32f1xx_it.o
                0x0000000008003800                TIM2_IRQHandler
 .text.TIM3_IRQHandler
                0x000000000800380c        0xc ./Core/Src/stm32f1xx_it.o
                0x000000000800380c                TIM3_IRQHandler
 .text.I2C1_EV_IRQHandler
                0x0000000008003818        0xc ./Core/Src/stm32f1xx_it.o
                0x0000000008003818                I2C1_EV_IRQHandler
 .text.USART3_IRQHandler
                0x0000000008003824        0xc ./Core/Src/stm32f1xx_it.o
                0x0000000008003824                USART3_IRQHandler
 .text.EXTI15_10_IRQHandler
                0x0000000008003830       0x16 ./Core/Src/stm32f1xx_it.o
                0x0000000008003830                EXTI15_10_IRQHandler
 .text._getpid  0x0000000008003846        0x4 ./Core/Src/syscalls.o
                0x0000000008003846                _getpid
 .text._kill    0x000000000800384a       0x10 ./Core/Src/syscalls.o
                0x000000000800384a                _kill
 .text._exit    0x000000000800385a        0xc ./Core/Src/syscalls.o
                0x000000000800385a                _exit
 .text._read    0x0000000008003866       0x1c ./Core/Src/syscalls.o
                0x0000000008003866                _read
 .text._write   0x0000000008003882       0x1c ./Core/Src/syscalls.o
                0x0000000008003882                _write
 .text._close   0x000000000800389e        0x6 ./Core/Src/syscalls.o
                0x000000000800389e                _close
 .text._fstat   0x00000000080038a4        0xa ./Core/Src/syscalls.o
                0x00000000080038a4                _fstat
 .text._isatty  0x00000000080038ae        0x4 ./Core/Src/syscalls.o
                0x00000000080038ae                _isatty
 .text._lseek   0x00000000080038b2        0x4 ./Core/Src/syscalls.o
                0x00000000080038b2                _lseek
 *fill*         0x00000000080038b6        0x2 
 .text._sbrk    0x00000000080038b8       0x40 ./Core/Src/sysmem.o
                0x00000000080038b8                _sbrk
 .text.SystemInit
                0x00000000080038f8        0x2 ./Core/Src/system_stm32f1xx.o
                0x00000000080038f8                SystemInit
 *fill*         0x00000000080038fa        0x2 
 .text.Reset_Handler
                0x00000000080038fc       0x48 ./Core/Startup/startup_stm32f103c8tx.o
                0x00000000080038fc                Reset_Handler
 .text.Default_Handler
                0x0000000008003944        0x2 ./Core/Startup/startup_stm32f103c8tx.o
                0x0000000008003944                USBWakeUp_IRQHandler
                0x0000000008003944                EXTI2_IRQHandler
                0x0000000008003944                TIM1_CC_IRQHandler
                0x0000000008003944                PVD_IRQHandler
                0x0000000008003944                EXTI3_IRQHandler
                0x0000000008003944                EXTI0_IRQHandler
                0x0000000008003944                I2C2_EV_IRQHandler
                0x0000000008003944                ADC1_2_IRQHandler
                0x0000000008003944                SPI1_IRQHandler
                0x0000000008003944                TAMPER_IRQHandler
                0x0000000008003944                DMA1_Channel4_IRQHandler
                0x0000000008003944                RTC_IRQHandler
                0x0000000008003944                DMA1_Channel7_IRQHandler
                0x0000000008003944                CAN1_RX1_IRQHandler
                0x0000000008003944                TIM4_IRQHandler
                0x0000000008003944                DMA1_Channel6_IRQHandler
                0x0000000008003944                RCC_IRQHandler
                0x0000000008003944                TIM1_TRG_COM_IRQHandler
                0x0000000008003944                DMA1_Channel1_IRQHandler
                0x0000000008003944                Default_Handler
                0x0000000008003944                EXTI9_5_IRQHandler
                0x0000000008003944                SPI2_IRQHandler
                0x0000000008003944                DMA1_Channel5_IRQHandler
                0x0000000008003944                USB_LP_CAN1_RX0_IRQHandler
                0x0000000008003944                USB_HP_CAN1_TX_IRQHandler
                0x0000000008003944                DMA1_Channel3_IRQHandler
                0x0000000008003944                TIM1_UP_IRQHandler
                0x0000000008003944                WWDG_IRQHandler
                0x0000000008003944                TIM1_BRK_IRQHandler
                0x0000000008003944                EXTI1_IRQHandler
                0x0000000008003944                USART2_IRQHandler
                0x0000000008003944                I2C2_ER_IRQHandler
                0x0000000008003944                DMA1_Channel2_IRQHandler
                0x0000000008003944                CAN1_SCE_IRQHandler
                0x0000000008003944                FLASH_IRQHandler
                0x0000000008003944                USART1_IRQHandler
                0x0000000008003944                I2C1_ER_IRQHandler
                0x0000000008003944                RTC_Alarm_IRQHandler
 *fill*         0x0000000008003946        0x2 
 .text.HAL_InitTick
                0x0000000008003948       0x48 ./Drivers/STM32F1xx_HAL_Driver/Src/stm32f1xx_hal.o
                0x0000000008003948                HAL_InitTick
 .text.HAL_Init
                0x0000000008003990       0x24 ./Drivers/STM32F1xx_HAL_Driver/Src/stm32f1xx_hal.o
                0x0000000008003990                HAL_Init
 .text.HAL_IncTick
                0x00000000080039b4       0x18 ./Drivers/STM32F1xx_HAL_Driver/Src/stm32f1xx_hal.o
                0x00000000080039b4                HAL_IncTick
 .text.HAL_GetTick
                0x00000000080039cc        0xc ./Drivers/STM32F1xx_HAL_Driver/Src/stm32f1xx_hal.o
                0x00000000080039cc                HAL_GetTick
 .text.HAL_Delay
                0x00000000080039d8       0x24 ./Drivers/STM32F1xx_HAL_Driver/Src/stm32f1xx_hal.o
                0x00000000080039d8                HAL_Delay
 .text.HAL_ADC_ConfigChannel
                0x00000000080039fc       0xfc ./Drivers/STM32F1xx_HAL_Driver/Src/stm32f1xx_hal_adc.o
                0x00000000080039fc                HAL_ADC_ConfigChannel
 .text.ADC_Enable
                0x0000000008003af8       0x78 ./Drivers/STM32F1xx_HAL_Driver/Src/stm32f1xx_hal_adc.o
                0x0000000008003af8                ADC_Enable
 .text.HAL_ADC_Start
                0x0000000008003b70       0xc4 ./Drivers/STM32F1xx_HAL_Driver/Src/stm32f1xx_hal_adc.o
                0x0000000008003b70                HAL_ADC_Start
 .text.ADC_ConversionStop_Disable
                0x0000000008003c34       0x4c ./Drivers/STM32F1xx_HAL_Driver/Src/stm32f1xx_hal_adc.o
                0x0000000008003c34                ADC_ConversionStop_Disable
 .text.HAL_ADC_Init
                0x0000000008003c80       0xfc ./Drivers/STM32F1xx_HAL_Driver/Src/stm32f1xx_hal_adc.o
                0x0000000008003c80                HAL_ADC_Init
 .text.HAL_NVIC_SetPriorityGrouping
                0x0000000008003d7c       0x24 ./Drivers/STM32F1xx_HAL_Driver/Src/stm32f1xx_hal_cortex.o
                0x0000000008003d7c                HAL_NVIC_SetPriorityGrouping
 .text.HAL_NVIC_SetPriority
                0x0000000008003da0       0x64 ./Drivers/STM32F1xx_HAL_Driver/Src/stm32f1xx_hal_cortex.o
                0x0000000008003da0                HAL_NVIC_SetPriority
 .text.HAL_NVIC_EnableIRQ
                0x0000000008003e04       0x1c ./Drivers/STM32F1xx_HAL_Driver/Src/stm32f1xx_hal_cortex.o
                0x0000000008003e04                HAL_NVIC_EnableIRQ
 .text.HAL_NVIC_DisableIRQ
                0x0000000008003e20       0x28 ./Drivers/STM32F1xx_HAL_Driver/Src/stm32f1xx_hal_cortex.o
                0x0000000008003e20                HAL_NVIC_DisableIRQ
 .text.HAL_SYSTICK_Config
                0x0000000008003e48       0x28 ./Drivers/STM32F1xx_HAL_Driver/Src/stm32f1xx_hal_cortex.o
                0x0000000008003e48                HAL_SYSTICK_Config
 .text.HAL_DMA_Abort
                0x0000000008003e70       0x3c ./Drivers/STM32F1xx_HAL_Driver/Src/stm32f1xx_hal_dma.o
                0x0000000008003e70                HAL_DMA_Abort
 .text.HAL_DMA_Abort_IT
                0x0000000008003eac       0x8c ./Drivers/STM32F1xx_HAL_Driver/Src/stm32f1xx_hal_dma.o
                0x0000000008003eac                HAL_DMA_Abort_IT
 .text.HAL_DMA_GetState
                0x0000000008003f38        0x6 ./Drivers/STM32F1xx_HAL_Driver/Src/stm32f1xx_hal_dma.o
                0x0000000008003f38                HAL_DMA_GetState
 *fill*         0x0000000008003f3e        0x2 
 .text.HAL_GPIO_Init
                0x0000000008003f40      0x1b4 ./Drivers/STM32F1xx_HAL_Driver/Src/stm32f1xx_hal_gpio.o
                0x0000000008003f40                HAL_GPIO_Init
 .text.HAL_GPIO_DeInit
                0x00000000080040f4       0xdc ./Drivers/STM32F1xx_HAL_Driver/Src/stm32f1xx_hal_gpio.o
                0x00000000080040f4                HAL_GPIO_DeInit
 .text.HAL_GPIO_ReadPin
                0x00000000080041d0        0xc ./Drivers/STM32F1xx_HAL_Driver/Src/stm32f1xx_hal_gpio.o
                0x00000000080041d0                HAL_GPIO_ReadPin
 .text.HAL_GPIO_WritePin
                0x00000000080041dc        0xa ./Drivers/STM32F1xx_HAL_Driver/Src/stm32f1xx_hal_gpio.o
                0x00000000080041dc                HAL_GPIO_WritePin
 .text.HAL_GPIO_TogglePin
                0x00000000080041e6       0x12 ./Drivers/STM32F1xx_HAL_Driver/Src/stm32f1xx_hal_gpio.o
                0x00000000080041e6                HAL_GPIO_TogglePin
 .text.HAL_GPIO_EXTI_IRQHandler
                0x00000000080041f8       0x18 ./Drivers/STM32F1xx_HAL_Driver/Src/stm32f1xx_hal_gpio.o
                0x00000000080041f8                HAL_GPIO_EXTI_IRQHandler
 .text.I2C_IsAcknowledgeFailed
                0x0000000008004210       0x32 ./Drivers/STM32F1xx_HAL_Driver/Src/stm32f1xx_hal_i2c.o
 .text.I2C_WaitOnFlagUntilTimeout
                0x0000000008004242       0x64 ./Drivers/STM32F1xx_HAL_Driver/Src/stm32f1xx_hal_i2c.o
 .text.I2C_WaitOnMasterAddressFlagUntilTimeout
                0x00000000080042a6       0x76 ./Drivers/STM32F1xx_HAL_Driver/Src/stm32f1xx_hal_i2c.o
 .text.I2C_WaitOnRXNEFlagUntilTimeout
                0x000000000800431c       0x5e ./Drivers/STM32F1xx_HAL_Driver/Src/stm32f1xx_hal_i2c.o
 .text.I2C_WaitOnBTFFlagUntilTimeout
                0x000000000800437a       0x4c ./Drivers/STM32F1xx_HAL_Driver/Src/stm32f1xx_hal_i2c.o
 .text.I2C_WaitOnTXEFlagUntilTimeout
                0x00000000080043c6       0x4c ./Drivers/STM32F1xx_HAL_Driver/Src/stm32f1xx_hal_i2c.o
 *fill*         0x0000000008004412        0x2 
 .text.I2C_RequestMemoryWrite
                0x0000000008004414       0xb0 ./Drivers/STM32F1xx_HAL_Driver/Src/stm32f1xx_hal_i2c.o
 .text.I2C_RequestMemoryRead
                0x00000000080044c4      0x104 ./Drivers/STM32F1xx_HAL_Driver/Src/stm32f1xx_hal_i2c.o
 .text.HAL_I2C_Init
                0x00000000080045c8      0x150 ./Drivers/STM32F1xx_HAL_Driver/Src/stm32f1xx_hal_i2c.o
                0x00000000080045c8                HAL_I2C_Init
 .text.HAL_I2C_DeInit
                0x0000000008004718       0x32 ./Drivers/STM32F1xx_HAL_Driver/Src/stm32f1xx_hal_i2c.o
                0x0000000008004718                HAL_I2C_DeInit
 *fill*         0x000000000800474a        0x2 
 .text.HAL_I2C_Master_Transmit
                0x000000000800474c      0x1b0 ./Drivers/STM32F1xx_HAL_Driver/Src/stm32f1xx_hal_i2c.o
                0x000000000800474c                HAL_I2C_Master_Transmit
 .text.HAL_I2C_Master_Receive
                0x00000000080048fc      0x348 ./Drivers/STM32F1xx_HAL_Driver/Src/stm32f1xx_hal_i2c.o
                0x00000000080048fc                HAL_I2C_Master_Receive
 .text.HAL_I2C_Mem_Write
                0x0000000008004c44      0x120 ./Drivers/STM32F1xx_HAL_Driver/Src/stm32f1xx_hal_i2c.o
                0x0000000008004c44                HAL_I2C_Mem_Write
 .text.HAL_I2C_Mem_Read
                0x0000000008004d64      0x27c ./Drivers/STM32F1xx_HAL_Driver/Src/stm32f1xx_hal_i2c.o
                0x0000000008004d64                HAL_I2C_Mem_Read
 .text.HAL_I2C_MasterTxCpltCallback
                0x0000000008004fe0        0x2 ./Drivers/STM32F1xx_HAL_Driver/Src/stm32f1xx_hal_i2c.o
                0x0000000008004fe0                HAL_I2C_MasterTxCpltCallback
 .text.HAL_I2C_MasterRxCpltCallback
                0x0000000008004fe2        0x2 ./Drivers/STM32F1xx_HAL_Driver/Src/stm32f1xx_hal_i2c.o
                0x0000000008004fe2                HAL_I2C_MasterRxCpltCallback
 .text.HAL_I2C_SlaveTxCpltCallback
                0x0000000008004fe4        0x2 ./Drivers/STM32F1xx_HAL_Driver/Src/stm32f1xx_hal_i2c.o
                0x0000000008004fe4                HAL_I2C_SlaveTxCpltCallback
 .text.HAL_I2C_SlaveRxCpltCallback
                0x0000000008004fe6        0x2 ./Drivers/STM32F1xx_HAL_Driver/Src/stm32f1xx_hal_i2c.o
                0x0000000008004fe6                HAL_I2C_SlaveRxCpltCallback
 .text.HAL_I2C_AddrCallback
                0x0000000008004fe8        0x2 ./Drivers/STM32F1xx_HAL_Driver/Src/stm32f1xx_hal_i2c.o
                0x0000000008004fe8                HAL_I2C_AddrCallback
 .text.HAL_I2C_ListenCpltCallback
                0x0000000008004fea        0x2 ./Drivers/STM32F1xx_HAL_Driver/Src/stm32f1xx_hal_i2c.o
                0x0000000008004fea                HAL_I2C_ListenCpltCallback
 .text.HAL_I2C_MemTxCpltCallback
                0x0000000008004fec        0x2 ./Drivers/STM32F1xx_HAL_Driver/Src/stm32f1xx_hal_i2c.o
                0x0000000008004fec                HAL_I2C_MemTxCpltCallback
 .text.I2C_MemoryTransmit_TXE_BTF
                0x0000000008004fee       0xa2 ./Drivers/STM32F1xx_HAL_Driver/Src/stm32f1xx_hal_i2c.o
 .text.HAL_I2C_MemRxCpltCallback
                0x0000000008005090        0x2 ./Drivers/STM32F1xx_HAL_Driver/Src/stm32f1xx_hal_i2c.o
                0x0000000008005090                HAL_I2C_MemRxCpltCallback
 .text.HAL_I2C_ErrorCallback
                0x0000000008005092        0x2 ./Drivers/STM32F1xx_HAL_Driver/Src/stm32f1xx_hal_i2c.o
                0x0000000008005092                HAL_I2C_ErrorCallback
 .text.HAL_I2C_AbortCpltCallback
                0x0000000008005094        0x2 ./Drivers/STM32F1xx_HAL_Driver/Src/stm32f1xx_hal_i2c.o
                0x0000000008005094                HAL_I2C_AbortCpltCallback
 *fill*         0x0000000008005096        0x2 
 .text.I2C_DMAAbort
                0x0000000008005098       0xc0 ./Drivers/STM32F1xx_HAL_Driver/Src/stm32f1xx_hal_i2c.o
 .text.I2C_ITError
                0x0000000008005158      0x150 ./Drivers/STM32F1xx_HAL_Driver/Src/stm32f1xx_hal_i2c.o
 .text.HAL_I2C_EV_IRQHandler
                0x00000000080052a8      0x878 ./Drivers/STM32F1xx_HAL_Driver/Src/stm32f1xx_hal_i2c.o
                0x00000000080052a8                HAL_I2C_EV_IRQHandler
 .text.HAL_PWR_EnableBkUpAccess
                0x0000000008005b20        0xc ./Drivers/STM32F1xx_HAL_Driver/Src/stm32f1xx_hal_pwr.o
                0x0000000008005b20                HAL_PWR_EnableBkUpAccess
 .text.HAL_RCC_OscConfig
                0x0000000008005b2c      0x338 ./Drivers/STM32F1xx_HAL_Driver/Src/stm32f1xx_hal_rcc.o
                0x0000000008005b2c                HAL_RCC_OscConfig
 .text.HAL_RCC_GetSysClockFreq
                0x0000000008005e64       0x74 ./Drivers/STM32F1xx_HAL_Driver/Src/stm32f1xx_hal_rcc.o
                0x0000000008005e64                HAL_RCC_GetSysClockFreq
 .text.HAL_RCC_ClockConfig
                0x0000000008005ed8      0x138 ./Drivers/STM32F1xx_HAL_Driver/Src/stm32f1xx_hal_rcc.o
                0x0000000008005ed8                HAL_RCC_ClockConfig
 .text.HAL_RCC_GetPCLK1Freq
                0x0000000008006010       0x20 ./Drivers/STM32F1xx_HAL_Driver/Src/stm32f1xx_hal_rcc.o
                0x0000000008006010                HAL_RCC_GetPCLK1Freq
 .text.HAL_RCC_GetPCLK2Freq
                0x0000000008006030       0x20 ./Drivers/STM32F1xx_HAL_Driver/Src/stm32f1xx_hal_rcc.o
                0x0000000008006030                HAL_RCC_GetPCLK2Freq
 .text.HAL_RCCEx_PeriphCLKConfig
                0x0000000008006050       0xf4 ./Drivers/STM32F1xx_HAL_Driver/Src/stm32f1xx_hal_rcc_ex.o
                0x0000000008006050                HAL_RCCEx_PeriphCLKConfig
 .text.HAL_RCCEx_GetPeriphCLKFreq
                0x0000000008006144       0xe4 ./Drivers/STM32F1xx_HAL_Driver/Src/stm32f1xx_hal_rcc_ex.o
                0x0000000008006144                HAL_RCCEx_GetPeriphCLKFreq
 .text.RTC_ReadTimeCounter
                0x0000000008006228       0x24 ./Drivers/STM32F1xx_HAL_Driver/Src/stm32f1xx_hal_rtc.o
 .text.RTC_ReadAlarmCounter
                0x000000000800624c        0xe ./Drivers/STM32F1xx_HAL_Driver/Src/stm32f1xx_hal_rtc.o
 .text.RTC_ByteToBcd2
                0x000000000800625a       0x16 ./Drivers/STM32F1xx_HAL_Driver/Src/stm32f1xx_hal_rtc.o
 .text.RTC_Bcd2ToByte
                0x0000000008006270       0x10 ./Drivers/STM32F1xx_HAL_Driver/Src/stm32f1xx_hal_rtc.o
 .text.RTC_WeekDayNum
                0x0000000008006280       0x64 ./Drivers/STM32F1xx_HAL_Driver/Src/stm32f1xx_hal_rtc.o
 .text.RTC_EnterInitMode
                0x00000000080062e4       0x2e ./Drivers/STM32F1xx_HAL_Driver/Src/stm32f1xx_hal_rtc.o
 .text.RTC_ExitInitMode
                0x0000000008006312       0x30 ./Drivers/STM32F1xx_HAL_Driver/Src/stm32f1xx_hal_rtc.o
 .text.RTC_WriteTimeCounter
                0x0000000008006342       0x28 ./Drivers/STM32F1xx_HAL_Driver/Src/stm32f1xx_hal_rtc.o
 .text.RTC_WriteAlarmCounter
                0x000000000800636a       0x28 ./Drivers/STM32F1xx_HAL_Driver/Src/stm32f1xx_hal_rtc.o
 .text.HAL_RTC_SetTime
                0x0000000008006392       0x9e ./Drivers/STM32F1xx_HAL_Driver/Src/stm32f1xx_hal_rtc.o
                0x0000000008006392                HAL_RTC_SetTime
 .text.HAL_RTC_GetTime
                0x0000000008006430      0x17c ./Drivers/STM32F1xx_HAL_Driver/Src/stm32f1xx_hal_rtc.o
                0x0000000008006430                HAL_RTC_GetTime
 .text.HAL_RTC_SetDate
                0x00000000080065ac       0xb0 ./Drivers/STM32F1xx_HAL_Driver/Src/stm32f1xx_hal_rtc.o
                0x00000000080065ac                HAL_RTC_SetDate
 .text.HAL_RTC_GetDate
                0x000000000800665c       0x58 ./Drivers/STM32F1xx_HAL_Driver/Src/stm32f1xx_hal_rtc.o
                0x000000000800665c                HAL_RTC_GetDate
 .text.HAL_RTC_WaitForSynchro
                0x00000000080066b4       0x36 ./Drivers/STM32F1xx_HAL_Driver/Src/stm32f1xx_hal_rtc.o
                0x00000000080066b4                HAL_RTC_WaitForSynchro
 *fill*         0x00000000080066ea        0x2 
 .text.HAL_RTC_Init
                0x00000000080066ec       0x9c ./Drivers/STM32F1xx_HAL_Driver/Src/stm32f1xx_hal_rtc.o
                0x00000000080066ec                HAL_RTC_Init
 .text.HAL_RTCEx_BKUPWrite
                0x0000000008006788       0x10 ./Drivers/STM32F1xx_HAL_Driver/Src/stm32f1xx_hal_rtc_ex.o
                0x0000000008006788                HAL_RTCEx_BKUPWrite
 .text.HAL_RTCEx_BKUPRead
                0x0000000008006798       0x10 ./Drivers/STM32F1xx_HAL_Driver/Src/stm32f1xx_hal_rtc_ex.o
                0x0000000008006798                HAL_RTCEx_BKUPRead
 .text.SPI_WaitFlagStateUntilTimeout.constprop.0
                0x00000000080067a8       0xac ./Drivers/STM32F1xx_HAL_Driver/Src/stm32f1xx_hal_spi.o
 .text.SPI_EndRxTxTransaction
                0x0000000008006854       0x1c ./Drivers/STM32F1xx_HAL_Driver/Src/stm32f1xx_hal_spi.o
 .text.HAL_SPI_Init
                0x0000000008006870       0xb0 ./Drivers/STM32F1xx_HAL_Driver/Src/stm32f1xx_hal_spi.o
                0x0000000008006870                HAL_SPI_Init
 .text.HAL_SPI_Transmit
                0x0000000008006920      0x15a ./Drivers/STM32F1xx_HAL_Driver/Src/stm32f1xx_hal_spi.o
                0x0000000008006920                HAL_SPI_Transmit
 .text.HAL_SPI_TransmitReceive
                0x0000000008006a7a      0x1e8 ./Drivers/STM32F1xx_HAL_Driver/Src/stm32f1xx_hal_spi.o
                0x0000000008006a7a                HAL_SPI_TransmitReceive
 .text.HAL_TIM_Base_Stop
                0x0000000008006c62       0x28 ./Drivers/STM32F1xx_HAL_Driver/Src/stm32f1xx_hal_tim.o
                0x0000000008006c62                HAL_TIM_Base_Stop
 *fill*         0x0000000008006c8a        0x2 
 .text.HAL_TIM_Base_Start_IT
                0x0000000008006c8c       0x54 ./Drivers/STM32F1xx_HAL_Driver/Src/stm32f1xx_hal_tim.o
                0x0000000008006c8c                HAL_TIM_Base_Start_IT
 .text.HAL_TIM_OC_DelayElapsedCallback
                0x0000000008006ce0        0x2 ./Drivers/STM32F1xx_HAL_Driver/Src/stm32f1xx_hal_tim.o
                0x0000000008006ce0                HAL_TIM_OC_DelayElapsedCallback
 .text.HAL_TIM_IC_CaptureCallback
                0x0000000008006ce2        0x2 ./Drivers/STM32F1xx_HAL_Driver/Src/stm32f1xx_hal_tim.o
                0x0000000008006ce2                HAL_TIM_IC_CaptureCallback
 .text.HAL_TIM_PWM_PulseFinishedCallback
                0x0000000008006ce4        0x2 ./Drivers/STM32F1xx_HAL_Driver/Src/stm32f1xx_hal_tim.o
                0x0000000008006ce4                HAL_TIM_PWM_PulseFinishedCallback
 .text.HAL_TIM_TriggerCallback
                0x0000000008006ce6        0x2 ./Drivers/STM32F1xx_HAL_Driver/Src/stm32f1xx_hal_tim.o
                0x0000000008006ce6                HAL_TIM_TriggerCallback
 .text.HAL_TIM_IRQHandler
                0x0000000008006ce8      0x144 ./Drivers/STM32F1xx_HAL_Driver/Src/stm32f1xx_hal_tim.o
                0x0000000008006ce8                HAL_TIM_IRQHandler
 .text.TIM_Base_SetConfig
                0x0000000008006e2c       0x70 ./Drivers/STM32F1xx_HAL_Driver/Src/stm32f1xx_hal_tim.o
                0x0000000008006e2c                TIM_Base_SetConfig
 .text.HAL_TIM_Base_Init
                0x0000000008006e9c       0x58 ./Drivers/STM32F1xx_HAL_Driver/Src/stm32f1xx_hal_tim.o
                0x0000000008006e9c                HAL_TIM_Base_Init
 .text.TIM_ETR_SetConfig
                0x0000000008006ef4       0x14 ./Drivers/STM32F1xx_HAL_Driver/Src/stm32f1xx_hal_tim.o
                0x0000000008006ef4                TIM_ETR_SetConfig
 .text.HAL_TIM_ConfigClockSource
                0x0000000008006f08      0x128 ./Drivers/STM32F1xx_HAL_Driver/Src/stm32f1xx_hal_tim.o
                0x0000000008006f08                HAL_TIM_ConfigClockSource
 .text.HAL_TIMEx_MasterConfigSynchronization
                0x0000000008007030       0x5c ./Drivers/STM32F1xx_HAL_Driver/Src/stm32f1xx_hal_tim_ex.o
                0x0000000008007030                HAL_TIMEx_MasterConfigSynchronization
 .text.HAL_TIMEx_CommutCallback
                0x000000000800708c        0x2 ./Drivers/STM32F1xx_HAL_Driver/Src/stm32f1xx_hal_tim_ex.o
                0x000000000800708c                HAL_TIMEx_CommutCallback
 .text.HAL_TIMEx_BreakCallback
                0x000000000800708e        0x2 ./Drivers/STM32F1xx_HAL_Driver/Src/stm32f1xx_hal_tim_ex.o
                0x000000000800708e                HAL_TIMEx_BreakCallback
 .text.UART_EndRxTransfer
                0x0000000008007090       0x2c ./Drivers/STM32F1xx_HAL_Driver/Src/stm32f1xx_hal_uart.o
 .text.UART_SetConfig
                0x00000000080070bc       0x74 ./Drivers/STM32F1xx_HAL_Driver/Src/stm32f1xx_hal_uart.o
 .text.UART_WaitOnFlagUntilTimeout.constprop.0
                0x0000000008007130       0x50 ./Drivers/STM32F1xx_HAL_Driver/Src/stm32f1xx_hal_uart.o
 .text.HAL_UART_Init
                0x0000000008007180       0x5c ./Drivers/STM32F1xx_HAL_Driver/Src/stm32f1xx_hal_uart.o
                0x0000000008007180                HAL_UART_Init
 .text.HAL_UART_Transmit
                0x00000000080071dc       0xaa ./Drivers/STM32F1xx_HAL_Driver/Src/stm32f1xx_hal_uart.o
                0x00000000080071dc                HAL_UART_Transmit
 .text.HAL_UART_Receive
                0x0000000008007286       0xbc ./Drivers/STM32F1xx_HAL_Driver/Src/stm32f1xx_hal_uart.o
                0x0000000008007286                HAL_UART_Receive
 .text.HAL_UART_Transmit_IT
                0x0000000008007342       0x3e ./Drivers/STM32F1xx_HAL_Driver/Src/stm32f1xx_hal_uart.o
                0x0000000008007342                HAL_UART_Transmit_IT
 .text.HAL_UART_RxCpltCallback
                0x0000000008007380        0x2 ./Drivers/STM32F1xx_HAL_Driver/Src/stm32f1xx_hal_uart.o
                0x0000000008007380                HAL_UART_RxCpltCallback
 .text.HAL_UART_ErrorCallback
                0x0000000008007382        0x2 ./Drivers/STM32F1xx_HAL_Driver/Src/stm32f1xx_hal_uart.o
                0x0000000008007382                HAL_UART_ErrorCallback
 .text.UART_DMAAbortOnError
                0x0000000008007384       0x10 ./Drivers/STM32F1xx_HAL_Driver/Src/stm32f1xx_hal_uart.o
 .text.HAL_UARTEx_RxEventCallback
                0x0000000008007394        0x2 ./Drivers/STM32F1xx_HAL_Driver/Src/stm32f1xx_hal_uart.o
                0x0000000008007394                HAL_UARTEx_RxEventCallback
 .text.UART_Receive_IT.part.0.isra.0
                0x0000000008007396       0x98 ./Drivers/STM32F1xx_HAL_Driver/Src/stm32f1xx_hal_uart.o
 *fill*         0x000000000800742e        0x2 
 .text.HAL_UART_IRQHandler
                0x0000000008007430      0x210 ./Drivers/STM32F1xx_HAL_Driver/Src/stm32f1xx_hal_uart.o
                0x0000000008007430                HAL_UART_IRQHandler
 .text.MX_FATFS_Init
                0x0000000008007640       0x1c ./FATFS/App/fatfs.o
                0x0000000008007640                MX_FATFS_Init
 .text.get_fattime
                0x000000000800765c        0x4 ./FATFS/App/fatfs.o
                0x000000000800765c                get_fattime
 .text.USER_initialize
                0x0000000008007660        0xa ./FATFS/Target/user_diskio.o
                0x0000000008007660                USER_initialize
 .text.USER_status
                0x000000000800766a        0xa ./FATFS/Target/user_diskio.o
                0x000000000800766a                USER_status
 .text.USER_read
                0x0000000008007674        0xa ./FATFS/Target/user_diskio.o
                0x0000000008007674                USER_read
 .text.USER_write
                0x000000000800767e        0xa ./FATFS/Target/user_diskio.o
                0x000000000800767e                USER_write
 .text.USER_ioctl
                0x0000000008007688        0xa ./FATFS/Target/user_diskio.o
                0x0000000008007688                USER_ioctl
 *fill*         0x0000000008007692        0x2 
 .text.disk_status
                0x0000000008007694       0x14 ./Middlewares/Third_Party/FatFs/src/diskio.o
                0x0000000008007694                disk_status
 .text.disk_initialize
                0x00000000080076a8       0x20 ./Middlewares/Third_Party/FatFs/src/diskio.o
                0x00000000080076a8                disk_initialize
 .text.disk_read
                0x00000000080076c8       0x1c ./Middlewares/Third_Party/FatFs/src/diskio.o
                0x00000000080076c8                disk_read
 .text.disk_write
                0x00000000080076e4       0x1c ./Middlewares/Third_Party/FatFs/src/diskio.o
                0x00000000080076e4                disk_write
 .text.disk_ioctl
                0x0000000008007700       0x18 ./Middlewares/Third_Party/FatFs/src/diskio.o
                0x0000000008007700                disk_ioctl
 .text.mem_cpy  0x0000000008007718       0x14 ./Middlewares/Third_Party/FatFs/src/ff.o
 .text.mem_set  0x000000000800772c        0xe ./Middlewares/Third_Party/FatFs/src/ff.o
 *fill*         0x000000000800773a        0x2 
 .text.chk_lock
                0x000000000800773c       0x80 ./Middlewares/Third_Party/FatFs/src/ff.o
 .text.inc_lock
                0x00000000080077bc       0x8c ./Middlewares/Third_Party/FatFs/src/ff.o
 .text.dec_lock
                0x0000000008007848       0x40 ./Middlewares/Third_Party/FatFs/src/ff.o
 .text.clear_lock
                0x0000000008007888       0x1c ./Middlewares/Third_Party/FatFs/src/ff.o
 .text.clmt_clust
                0x00000000080078a4       0x2e ./Middlewares/Third_Party/FatFs/src/ff.o
 .text.sum_sfn  0x00000000080078d2       0x1e ./Middlewares/Third_Party/FatFs/src/ff.o
 .text.get_ldnumber
                0x00000000080078f0       0x30 ./Middlewares/Third_Party/FatFs/src/ff.o
 .text.validate
                0x0000000008007920       0x2c ./Middlewares/Third_Party/FatFs/src/ff.o
 .text.sync_window.part.0
                0x000000000800794c       0x52 ./Middlewares/Third_Party/FatFs/src/ff.o
 .text.sync_window
                0x000000000800799e       0x10 ./Middlewares/Third_Party/FatFs/src/ff.o
 .text.move_window
                0x00000000080079ae       0x34 ./Middlewares/Third_Party/FatFs/src/ff.o
 *fill*         0x00000000080079e2        0x2 
 .text.check_fs
                0x00000000080079e4       0x50 ./Middlewares/Third_Party/FatFs/src/ff.o
 .text.find_volume
                0x0000000008007a34      0x25c ./Middlewares/Third_Party/FatFs/src/ff.o
 .text.sync_fs  0x0000000008007c90       0x74 ./Middlewares/Third_Party/FatFs/src/ff.o
 .text.ld_clust.isra.0
                0x0000000008007d04       0x10 ./Middlewares/Third_Party/FatFs/src/ff.o
 .text.clust2sect
                0x0000000008007d14       0x1a ./Middlewares/Third_Party/FatFs/src/ff.o
                0x0000000008007d14                clust2sect
 .text.get_fat  0x0000000008007d2e       0xec ./Middlewares/Third_Party/FatFs/src/ff.o
                0x0000000008007d2e                get_fat
 .text.dir_sdi  0x0000000008007e1a       0x94 ./Middlewares/Third_Party/FatFs/src/ff.o
 .text.put_fat  0x0000000008007eae      0x118 ./Middlewares/Third_Party/FatFs/src/ff.o
                0x0000000008007eae                put_fat
 .text.create_chain
                0x0000000008007fc6       0xb4 ./Middlewares/Third_Party/FatFs/src/ff.o
 .text.dir_next
                0x000000000800807a      0x10e ./Middlewares/Third_Party/FatFs/src/ff.o
 .text.dir_find
                0x0000000008008188      0x134 ./Middlewares/Third_Party/FatFs/src/ff.o
 .text.follow_path
                0x00000000080082bc      0x250 ./Middlewares/Third_Party/FatFs/src/ff.o
 .text.dir_register
                0x000000000800850c      0x264 ./Middlewares/Third_Party/FatFs/src/ff.o
 .text.remove_chain
                0x0000000008008770       0x5e ./Middlewares/Third_Party/FatFs/src/ff.o
 *fill*         0x00000000080087ce        0x2 
 .text.f_mount  0x00000000080087d0       0x5c ./Middlewares/Third_Party/FatFs/src/ff.o
                0x00000000080087d0                f_mount
 .text.f_open   0x000000000800882c      0x1c4 ./Middlewares/Third_Party/FatFs/src/ff.o
                0x000000000800882c                f_open
 .text.f_write  0x00000000080089f0      0x1ac ./Middlewares/Third_Party/FatFs/src/ff.o
                0x00000000080089f0                f_write
 .text.putc_bfd
                0x0000000008008b9c       0x44 ./Middlewares/Third_Party/FatFs/src/ff.o
 .text.f_sync   0x0000000008008be0       0xaa ./Middlewares/Third_Party/FatFs/src/ff.o
                0x0000000008008be0                f_sync
 .text.f_close  0x0000000008008c8a       0x22 ./Middlewares/Third_Party/FatFs/src/ff.o
                0x0000000008008c8a                f_close
 .text.f_lseek  0x0000000008008cac      0x25e ./Middlewares/Third_Party/FatFs/src/ff.o
                0x0000000008008cac                f_lseek
 .text.f_puts   0x0000000008008f0a       0x44 ./Middlewares/Third_Party/FatFs/src/ff.o
                0x0000000008008f0a                f_puts
 *fill*         0x0000000008008f4e        0x2 
 .text.FATFS_LinkDriverEx
                0x0000000008008f50       0x44 ./Middlewares/Third_Party/FatFs/src/ff_gen_drv.o
                0x0000000008008f50                FATFS_LinkDriverEx
 .text.FATFS_LinkDriver
                0x0000000008008f94        0x6 ./Middlewares/Third_Party/FatFs/src/ff_gen_drv.o
                0x0000000008008f94                FATFS_LinkDriver
 *fill*         0x0000000008008f9a        0x2 
 .text.ff_convert
                0x0000000008008f9c       0x3c ./Middlewares/Third_Party/FatFs/src/option/ccsbcs.o
                0x0000000008008f9c                ff_convert
 .text.ff_wtoupper
                0x0000000008008fd8       0x24 ./Middlewares/Third_Party/FatFs/src/option/ccsbcs.o
                0x0000000008008fd8                ff_wtoupper
 .text.__errno  0x0000000008008ffc        0xc /Applications/STM32CubeIDE.app/Contents/Eclipse/plugins/com.st.stm32cube.ide.mcu.externaltools.gnu-tools-for-stm32.10.3-2021.10.macos64_1.0.0.202111181127/tools/bin/../lib/gcc/arm-none-eabi/10.3.1/../../../../arm-none-eabi/lib/thumb/v7-m/nofp/libc_nano.a(lib_a-errno.o)
                0x0000000008008ffc                __errno
 .text.__libc_init_array
                0x0000000008009008       0x48 /Applications/STM32CubeIDE.app/Contents/Eclipse/plugins/com.st.stm32cube.ide.mcu.externaltools.gnu-tools-for-stm32.10.3-2021.10.macos64_1.0.0.202111181127/tools/bin/../lib/gcc/arm-none-eabi/10.3.1/../../../../arm-none-eabi/lib/thumb/v7-m/nofp/libc_nano.a(lib_a-init.o)
                0x0000000008009008                __libc_init_array
 .text.memset   0x0000000008009050       0x10 /Applications/STM32CubeIDE.app/Contents/Eclipse/plugins/com.st.stm32cube.ide.mcu.externaltools.gnu-tools-for-stm32.10.3-2021.10.macos64_1.0.0.202111181127/tools/bin/../lib/gcc/arm-none-eabi/10.3.1/../../../../arm-none-eabi/lib/thumb/v7-m/nofp/libc_nano.a(lib_a-memset.o)
                0x0000000008009050                memset
 .text.__cvt    0x0000000008009060       0xbe /Applications/STM32CubeIDE.app/Contents/Eclipse/plugins/com.st.stm32cube.ide.mcu.externaltools.gnu-tools-for-stm32.10.3-2021.10.macos64_1.0.0.202111181127/tools/bin/../lib/gcc/arm-none-eabi/10.3.1/../../../../arm-none-eabi/lib/thumb/v7-m/nofp/libc_nano.a(lib_a-nano-vfprintf_float.o)
                0x0000000008009060                __cvt
 .text.__exponent
                0x000000000800911e       0x7c /Applications/STM32CubeIDE.app/Contents/Eclipse/plugins/com.st.stm32cube.ide.mcu.externaltools.gnu-tools-for-stm32.10.3-2021.10.macos64_1.0.0.202111181127/tools/bin/../lib/gcc/arm-none-eabi/10.3.1/../../../../arm-none-eabi/lib/thumb/v7-m/nofp/libc_nano.a(lib_a-nano-vfprintf_float.o)
                0x000000000800911e                __exponent
 *fill*         0x000000000800919a        0x2 
 .text._printf_float
                0x000000000800919c      0x458 /Applications/STM32CubeIDE.app/Contents/Eclipse/plugins/com.st.stm32cube.ide.mcu.externaltools.gnu-tools-for-stm32.10.3-2021.10.macos64_1.0.0.202111181127/tools/bin/../lib/gcc/arm-none-eabi/10.3.1/../../../../arm-none-eabi/lib/thumb/v7-m/nofp/libc_nano.a(lib_a-nano-vfprintf_float.o)
                0x000000000800919c                _printf_float
 .text._printf_common
                0x00000000080095f4       0xde /Applications/STM32CubeIDE.app/Contents/Eclipse/plugins/com.st.stm32cube.ide.mcu.externaltools.gnu-tools-for-stm32.10.3-2021.10.macos64_1.0.0.202111181127/tools/bin/../lib/gcc/arm-none-eabi/10.3.1/../../../../arm-none-eabi/lib/thumb/v7-m/nofp/libc_nano.a(lib_a-nano-vfprintf_i.o)
                0x00000000080095f4                _printf_common
 *fill*         0x00000000080096d2        0x2 
 .text._printf_i
                0x00000000080096d4      0x24c /Applications/STM32CubeIDE.app/Contents/Eclipse/plugins/com.st.stm32cube.ide.mcu.externaltools.gnu-tools-for-stm32.10.3-2021.10.macos64_1.0.0.202111181127/tools/bin/../lib/gcc/arm-none-eabi/10.3.1/../../../../arm-none-eabi/lib/thumb/v7-m/nofp/libc_nano.a(lib_a-nano-vfprintf_i.o)
                0x00000000080096d4                _printf_i
 .text.sprintf  0x0000000008009920       0x40 /Applications/STM32CubeIDE.app/Contents/Eclipse/plugins/com.st.stm32cube.ide.mcu.externaltools.gnu-tools-for-stm32.10.3-2021.10.macos64_1.0.0.202111181127/tools/bin/../lib/gcc/arm-none-eabi/10.3.1/../../../../arm-none-eabi/lib/thumb/v7-m/nofp/libc_nano.a(lib_a-sprintf.o)
                0x0000000008009920                sprintf
                0x0000000008009920                siprintf
 .text.strcpy   0x0000000008009960       0x10 /Applications/STM32CubeIDE.app/Contents/Eclipse/plugins/com.st.stm32cube.ide.mcu.externaltools.gnu-tools-for-stm32.10.3-2021.10.macos64_1.0.0.202111181127/tools/bin/../lib/gcc/arm-none-eabi/10.3.1/../../../../arm-none-eabi/lib/thumb/v7-m/nofp/libc_nano.a(lib_a-strcpy.o)
                0x0000000008009960                strcpy
 .text.quorem   0x0000000008009970      0x118 /Applications/STM32CubeIDE.app/Contents/Eclipse/plugins/com.st.stm32cube.ide.mcu.externaltools.gnu-tools-for-stm32.10.3-2021.10.macos64_1.0.0.202111181127/tools/bin/../lib/gcc/arm-none-eabi/10.3.1/../../../../arm-none-eabi/lib/thumb/v7-m/nofp/libc_nano.a(lib_a-dtoa.o)
 .text._dtoa_r  0x0000000008009a88      0xbdc /Applications/STM32CubeIDE.app/Contents/Eclipse/plugins/com.st.stm32cube.ide.mcu.externaltools.gnu-tools-for-stm32.10.3-2021.10.macos64_1.0.0.202111181127/tools/bin/../lib/gcc/arm-none-eabi/10.3.1/../../../../arm-none-eabi/lib/thumb/v7-m/nofp/libc_nano.a(lib_a-dtoa.o)
                0x0000000008009a88                _dtoa_r
 .text._localeconv_r
                0x000000000800a664        0x8 /Applications/STM32CubeIDE.app/Contents/Eclipse/plugins/com.st.stm32cube.ide.mcu.externaltools.gnu-tools-for-stm32.10.3-2021.10.macos64_1.0.0.202111181127/tools/bin/../lib/gcc/arm-none-eabi/10.3.1/../../../../arm-none-eabi/lib/thumb/v7-m/nofp/libc_nano.a(lib_a-localeconv.o)
                0x000000000800a664                _localeconv_r
 .text.malloc   0x000000000800a66c       0x10 /Applications/STM32CubeIDE.app/Contents/Eclipse/plugins/com.st.stm32cube.ide.mcu.externaltools.gnu-tools-for-stm32.10.3-2021.10.macos64_1.0.0.202111181127/tools/bin/../lib/gcc/arm-none-eabi/10.3.1/../../../../arm-none-eabi/lib/thumb/v7-m/nofp/libc_nano.a(lib_a-malloc.o)
                0x000000000800a66c                malloc
 .text.memchr   0x000000000800a67c       0x1c /Applications/STM32CubeIDE.app/Contents/Eclipse/plugins/com.st.stm32cube.ide.mcu.externaltools.gnu-tools-for-stm32.10.3-2021.10.macos64_1.0.0.202111181127/tools/bin/../lib/gcc/arm-none-eabi/10.3.1/../../../../arm-none-eabi/lib/thumb/v7-m/nofp/libc_nano.a(lib_a-memchr-stub.o)
                0x000000000800a67c                memchr
 .text.memcpy   0x000000000800a698       0x1c /Applications/STM32CubeIDE.app/Contents/Eclipse/plugins/com.st.stm32cube.ide.mcu.externaltools.gnu-tools-for-stm32.10.3-2021.10.macos64_1.0.0.202111181127/tools/bin/../lib/gcc/arm-none-eabi/10.3.1/../../../../arm-none-eabi/lib/thumb/v7-m/nofp/libc_nano.a(lib_a-memcpy-stub.o)
                0x000000000800a698                memcpy
 .text._Balloc  0x000000000800a6b4       0x80 /Applications/STM32CubeIDE.app/Contents/Eclipse/plugins/com.st.stm32cube.ide.mcu.externaltools.gnu-tools-for-stm32.10.3-2021.10.macos64_1.0.0.202111181127/tools/bin/../lib/gcc/arm-none-eabi/10.3.1/../../../../arm-none-eabi/lib/thumb/v7-m/nofp/libc_nano.a(lib_a-mprec.o)
                0x000000000800a6b4                _Balloc
 .text._Bfree   0x000000000800a734       0x44 /Applications/STM32CubeIDE.app/Contents/Eclipse/plugins/com.st.stm32cube.ide.mcu.externaltools.gnu-tools-for-stm32.10.3-2021.10.macos64_1.0.0.202111181127/tools/bin/../lib/gcc/arm-none-eabi/10.3.1/../../../../arm-none-eabi/lib/thumb/v7-m/nofp/libc_nano.a(lib_a-mprec.o)
                0x000000000800a734                _Bfree
 .text.__multadd
                0x000000000800a778       0x8c /Applications/STM32CubeIDE.app/Contents/Eclipse/plugins/com.st.stm32cube.ide.mcu.externaltools.gnu-tools-for-stm32.10.3-2021.10.macos64_1.0.0.202111181127/tools/bin/../lib/gcc/arm-none-eabi/10.3.1/../../../../arm-none-eabi/lib/thumb/v7-m/nofp/libc_nano.a(lib_a-mprec.o)
                0x000000000800a778                __multadd
 .text.__hi0bits
                0x000000000800a804       0x40 /Applications/STM32CubeIDE.app/Contents/Eclipse/plugins/com.st.stm32cube.ide.mcu.externaltools.gnu-tools-for-stm32.10.3-2021.10.macos64_1.0.0.202111181127/tools/bin/../lib/gcc/arm-none-eabi/10.3.1/../../../../arm-none-eabi/lib/thumb/v7-m/nofp/libc_nano.a(lib_a-mprec.o)
                0x000000000800a804                __hi0bits
 .text.__lo0bits
                0x000000000800a844       0x5a /Applications/STM32CubeIDE.app/Contents/Eclipse/plugins/com.st.stm32cube.ide.mcu.externaltools.gnu-tools-for-stm32.10.3-2021.10.macos64_1.0.0.202111181127/tools/bin/../lib/gcc/arm-none-eabi/10.3.1/../../../../arm-none-eabi/lib/thumb/v7-m/nofp/libc_nano.a(lib_a-mprec.o)
                0x000000000800a844                __lo0bits
 *fill*         0x000000000800a89e        0x2 
 .text.__i2b    0x000000000800a8a0       0x2c /Applications/STM32CubeIDE.app/Contents/Eclipse/plugins/com.st.stm32cube.ide.mcu.externaltools.gnu-tools-for-stm32.10.3-2021.10.macos64_1.0.0.202111181127/tools/bin/../lib/gcc/arm-none-eabi/10.3.1/../../../../arm-none-eabi/lib/thumb/v7-m/nofp/libc_nano.a(lib_a-mprec.o)
                0x000000000800a8a0                __i2b
 .text.__multiply
                0x000000000800a8cc      0x150 /Applications/STM32CubeIDE.app/Contents/Eclipse/plugins/com.st.stm32cube.ide.mcu.externaltools.gnu-tools-for-stm32.10.3-2021.10.macos64_1.0.0.202111181127/tools/bin/../lib/gcc/arm-none-eabi/10.3.1/../../../../arm-none-eabi/lib/thumb/v7-m/nofp/libc_nano.a(lib_a-mprec.o)
                0x000000000800a8cc                __multiply
 .text.__pow5mult
                0x000000000800aa1c       0xb4 /Applications/STM32CubeIDE.app/Contents/Eclipse/plugins/com.st.stm32cube.ide.mcu.externaltools.gnu-tools-for-stm32.10.3-2021.10.macos64_1.0.0.202111181127/tools/bin/../lib/gcc/arm-none-eabi/10.3.1/../../../../arm-none-eabi/lib/thumb/v7-m/nofp/libc_nano.a(lib_a-mprec.o)
                0x000000000800aa1c                __pow5mult
 .text.__lshift
                0x000000000800aad0       0xe0 /Applications/STM32CubeIDE.app/Contents/Eclipse/plugins/com.st.stm32cube.ide.mcu.externaltools.gnu-tools-for-stm32.10.3-2021.10.macos64_1.0.0.202111181127/tools/bin/../lib/gcc/arm-none-eabi/10.3.1/../../../../arm-none-eabi/lib/thumb/v7-m/nofp/libc_nano.a(lib_a-mprec.o)
                0x000000000800aad0                __lshift
 .text.__mcmp   0x000000000800abb0       0x36 /Applications/STM32CubeIDE.app/Contents/Eclipse/plugins/com.st.stm32cube.ide.mcu.externaltools.gnu-tools-for-stm32.10.3-2021.10.macos64_1.0.0.202111181127/tools/bin/../lib/gcc/arm-none-eabi/10.3.1/../../../../arm-none-eabi/lib/thumb/v7-m/nofp/libc_nano.a(lib_a-mprec.o)
                0x000000000800abb0                __mcmp
 *fill*         0x000000000800abe6        0x2 
 .text.__mdiff  0x000000000800abe8      0x118 /Applications/STM32CubeIDE.app/Contents/Eclipse/plugins/com.st.stm32cube.ide.mcu.externaltools.gnu-tools-for-stm32.10.3-2021.10.macos64_1.0.0.202111181127/tools/bin/../lib/gcc/arm-none-eabi/10.3.1/../../../../arm-none-eabi/lib/thumb/v7-m/nofp/libc_nano.a(lib_a-mprec.o)
                0x000000000800abe8                __mdiff
 .text.__d2b    0x000000000800ad00       0xb8 /Applications/STM32CubeIDE.app/Contents/Eclipse/plugins/com.st.stm32cube.ide.mcu.externaltools.gnu-tools-for-stm32.10.3-2021.10.macos64_1.0.0.202111181127/tools/bin/../lib/gcc/arm-none-eabi/10.3.1/../../../../arm-none-eabi/lib/thumb/v7-m/nofp/libc_nano.a(lib_a-mprec.o)
                0x000000000800ad00                __d2b
 .text._calloc_r
                0x000000000800adb8       0x28 /Applications/STM32CubeIDE.app/Contents/Eclipse/plugins/com.st.stm32cube.ide.mcu.externaltools.gnu-tools-for-stm32.10.3-2021.10.macos64_1.0.0.202111181127/tools/bin/../lib/gcc/arm-none-eabi/10.3.1/../../../../arm-none-eabi/lib/thumb/v7-m/nofp/libc_nano.a(lib_a-nano-callocr.o)
                0x000000000800adb8                _calloc_r
 .text._free_r  0x000000000800ade0       0x90 /Applications/STM32CubeIDE.app/Contents/Eclipse/plugins/com.st.stm32cube.ide.mcu.externaltools.gnu-tools-for-stm32.10.3-2021.10.macos64_1.0.0.202111181127/tools/bin/../lib/gcc/arm-none-eabi/10.3.1/../../../../arm-none-eabi/lib/thumb/v7-m/nofp/libc_nano.a(lib_a-nano-freer.o)
                0x000000000800ade0                _free_r
 .text.sbrk_aligned
                0x000000000800ae70       0x40 /Applications/STM32CubeIDE.app/Contents/Eclipse/plugins/com.st.stm32cube.ide.mcu.externaltools.gnu-tools-for-stm32.10.3-2021.10.macos64_1.0.0.202111181127/tools/bin/../lib/gcc/arm-none-eabi/10.3.1/../../../../arm-none-eabi/lib/thumb/v7-m/nofp/libc_nano.a(lib_a-nano-mallocr.o)
 .text._malloc_r
                0x000000000800aeb0       0xe8 /Applications/STM32CubeIDE.app/Contents/Eclipse/plugins/com.st.stm32cube.ide.mcu.externaltools.gnu-tools-for-stm32.10.3-2021.10.macos64_1.0.0.202111181127/tools/bin/../lib/gcc/arm-none-eabi/10.3.1/../../../../arm-none-eabi/lib/thumb/v7-m/nofp/libc_nano.a(lib_a-nano-mallocr.o)
                0x000000000800aeb0                _malloc_r
 .text.__ssputs_r
                0x000000000800af98       0xb6 /Applications/STM32CubeIDE.app/Contents/Eclipse/plugins/com.st.stm32cube.ide.mcu.externaltools.gnu-tools-for-stm32.10.3-2021.10.macos64_1.0.0.202111181127/tools/bin/../lib/gcc/arm-none-eabi/10.3.1/../../../../arm-none-eabi/lib/thumb/v7-m/nofp/libc_nano.a(lib_a-nano-svfprintf.o)
                0x000000000800af98                __ssputs_r
 *fill*         0x000000000800b04e        0x2 
 .text._svfprintf_r
                0x000000000800b050      0x200 /Applications/STM32CubeIDE.app/Contents/Eclipse/plugins/com.st.stm32cube.ide.mcu.externaltools.gnu-tools-for-stm32.10.3-2021.10.macos64_1.0.0.202111181127/tools/bin/../lib/gcc/arm-none-eabi/10.3.1/../../../../arm-none-eabi/lib/thumb/v7-m/nofp/libc_nano.a(lib_a-nano-svfprintf.o)
                0x000000000800b050                _svfprintf_r
                0x000000000800b050                _svfiprintf_r
 .text._sbrk_r  0x000000000800b250       0x20 /Applications/STM32CubeIDE.app/Contents/Eclipse/plugins/com.st.stm32cube.ide.mcu.externaltools.gnu-tools-for-stm32.10.3-2021.10.macos64_1.0.0.202111181127/tools/bin/../lib/gcc/arm-none-eabi/10.3.1/../../../../arm-none-eabi/lib/thumb/v7-m/nofp/libc_nano.a(lib_a-sbrkr.o)
                0x000000000800b250                _sbrk_r
 .text.__assert_func
                0x000000000800b270       0x3c /Applications/STM32CubeIDE.app/Contents/Eclipse/plugins/com.st.stm32cube.ide.mcu.externaltools.gnu-tools-for-stm32.10.3-2021.10.macos64_1.0.0.202111181127/tools/bin/../lib/gcc/arm-none-eabi/10.3.1/../../../../arm-none-eabi/lib/thumb/v7-m/nofp/libc_nano.a(lib_a-assert.o)
                0x000000000800b270                __assert_func
 .text.fprintf  0x000000000800b2ac       0x24 /Applications/STM32CubeIDE.app/Contents/Eclipse/plugins/com.st.stm32cube.ide.mcu.externaltools.gnu-tools-for-stm32.10.3-2021.10.macos64_1.0.0.202111181127/tools/bin/../lib/gcc/arm-none-eabi/10.3.1/../../../../arm-none-eabi/lib/thumb/v7-m/nofp/libc_nano.a(lib_a-fprintf.o)
                0x000000000800b2ac                fprintf
                0x000000000800b2ac                fiprintf
 .text.__ascii_mbtowc
                0x000000000800b2d0       0x24 /Applications/STM32CubeIDE.app/Contents/Eclipse/plugins/com.st.stm32cube.ide.mcu.externaltools.gnu-tools-for-stm32.10.3-2021.10.macos64_1.0.0.202111181127/tools/bin/../lib/gcc/arm-none-eabi/10.3.1/../../../../arm-none-eabi/lib/thumb/v7-m/nofp/libc_nano.a(lib_a-mbtowc_r.o)
                0x000000000800b2d0                __ascii_mbtowc
 .text.memmove  0x000000000800b2f4       0x34 /Applications/STM32CubeIDE.app/Contents/Eclipse/plugins/com.st.stm32cube.ide.mcu.externaltools.gnu-tools-for-stm32.10.3-2021.10.macos64_1.0.0.202111181127/tools/bin/../lib/gcc/arm-none-eabi/10.3.1/../../../../arm-none-eabi/lib/thumb/v7-m/nofp/libc_nano.a(lib_a-memmove.o)
                0x000000000800b2f4                memmove
 .text.__malloc_lock
                0x000000000800b328        0xc /Applications/STM32CubeIDE.app/Contents/Eclipse/plugins/com.st.stm32cube.ide.mcu.externaltools.gnu-tools-for-stm32.10.3-2021.10.macos64_1.0.0.202111181127/tools/bin/../lib/gcc/arm-none-eabi/10.3.1/../../../../arm-none-eabi/lib/thumb/v7-m/nofp/libc_nano.a(lib_a-mlock.o)
                0x000000000800b328                __malloc_lock
 .text.__malloc_unlock
                0x000000000800b334        0xc /Applications/STM32CubeIDE.app/Contents/Eclipse/plugins/com.st.stm32cube.ide.mcu.externaltools.gnu-tools-for-stm32.10.3-2021.10.macos64_1.0.0.202111181127/tools/bin/../lib/gcc/arm-none-eabi/10.3.1/../../../../arm-none-eabi/lib/thumb/v7-m/nofp/libc_nano.a(lib_a-mlock.o)
                0x000000000800b334                __malloc_unlock
 .text._realloc_r
                0x000000000800b340       0x5e /Applications/STM32CubeIDE.app/Contents/Eclipse/plugins/com.st.stm32cube.ide.mcu.externaltools.gnu-tools-for-stm32.10.3-2021.10.macos64_1.0.0.202111181127/tools/bin/../lib/gcc/arm-none-eabi/10.3.1/../../../../arm-none-eabi/lib/thumb/v7-m/nofp/libc_nano.a(lib_a-nano-reallocr.o)
                0x000000000800b340                _realloc_r
 .text.__sfputc_r
                0x000000000800b39e       0x2a /Applications/STM32CubeIDE.app/Contents/Eclipse/plugins/com.st.stm32cube.ide.mcu.externaltools.gnu-tools-for-stm32.10.3-2021.10.macos64_1.0.0.202111181127/tools/bin/../lib/gcc/arm-none-eabi/10.3.1/../../../../arm-none-eabi/lib/thumb/v7-m/nofp/libc_nano.a(lib_a-nano-vfprintf.o)
 .text.__sfputs_r
                0x000000000800b3c8       0x24 /Applications/STM32CubeIDE.app/Contents/Eclipse/plugins/com.st.stm32cube.ide.mcu.externaltools.gnu-tools-for-stm32.10.3-2021.10.macos64_1.0.0.202111181127/tools/bin/../lib/gcc/arm-none-eabi/10.3.1/../../../../arm-none-eabi/lib/thumb/v7-m/nofp/libc_nano.a(lib_a-nano-vfprintf.o)
                0x000000000800b3c8                __sfputs_r
 .text._vfprintf_r
                0x000000000800b3ec      0x260 /Applications/STM32CubeIDE.app/Contents/Eclipse/plugins/com.st.stm32cube.ide.mcu.externaltools.gnu-tools-for-stm32.10.3-2021.10.macos64_1.0.0.202111181127/tools/bin/../lib/gcc/arm-none-eabi/10.3.1/../../../../arm-none-eabi/lib/thumb/v7-m/nofp/libc_nano.a(lib_a-nano-vfprintf.o)
                0x000000000800b3ec                _vfiprintf_r
                0x000000000800b3ec                _vfprintf_r
 .text.__swbuf_r
                0x000000000800b64c       0xa4 /Applications/STM32CubeIDE.app/Contents/Eclipse/plugins/com.st.stm32cube.ide.mcu.externaltools.gnu-tools-for-stm32.10.3-2021.10.macos64_1.0.0.202111181127/tools/bin/../lib/gcc/arm-none-eabi/10.3.1/../../../../arm-none-eabi/lib/thumb/v7-m/nofp/libc_nano.a(lib_a-wbuf.o)
                0x000000000800b64c                __swbuf_r
 .text.__ascii_wctomb
                0x000000000800b6f0       0x1a /Applications/STM32CubeIDE.app/Contents/Eclipse/plugins/com.st.stm32cube.ide.mcu.externaltools.gnu-tools-for-stm32.10.3-2021.10.macos64_1.0.0.202111181127/tools/bin/../lib/gcc/arm-none-eabi/10.3.1/../../../../arm-none-eabi/lib/thumb/v7-m/nofp/libc_nano.a(lib_a-wctomb_r.o)
                0x000000000800b6f0                __ascii_wctomb
 *fill*         0x000000000800b70a        0x2 
 .text.__swsetup_r
                0x000000000800b70c       0xdc /Applications/STM32CubeIDE.app/Contents/Eclipse/plugins/com.st.stm32cube.ide.mcu.externaltools.gnu-tools-for-stm32.10.3-2021.10.macos64_1.0.0.202111181127/tools/bin/../lib/gcc/arm-none-eabi/10.3.1/../../../../arm-none-eabi/lib/thumb/v7-m/nofp/libc_nano.a(lib_a-wsetup.o)
                0x000000000800b70c                __swsetup_r
 .text.abort    0x000000000800b7e8        0xe /Applications/STM32CubeIDE.app/Contents/Eclipse/plugins/com.st.stm32cube.ide.mcu.externaltools.gnu-tools-for-stm32.10.3-2021.10.macos64_1.0.0.202111181127/tools/bin/../lib/gcc/arm-none-eabi/10.3.1/../../../../arm-none-eabi/lib/thumb/v7-m/nofp/libc_nano.a(lib_a-abort.o)
                0x000000000800b7e8                abort
 *fill*         0x000000000800b7f6        0x2 
 .text.__sflush_r
                0x000000000800b7f8      0x104 /Applications/STM32CubeIDE.app/Contents/Eclipse/plugins/com.st.stm32cube.ide.mcu.externaltools.gnu-tools-for-stm32.10.3-2021.10.macos64_1.0.0.202111181127/tools/bin/../lib/gcc/arm-none-eabi/10.3.1/../../../../arm-none-eabi/lib/thumb/v7-m/nofp/libc_nano.a(lib_a-fflush.o)
                0x000000000800b7f8                __sflush_r
 .text._fflush_r
                0x000000000800b8fc       0x78 /Applications/STM32CubeIDE.app/Contents/Eclipse/plugins/com.st.stm32cube.ide.mcu.externaltools.gnu-tools-for-stm32.10.3-2021.10.macos64_1.0.0.202111181127/tools/bin/../lib/gcc/arm-none-eabi/10.3.1/../../../../arm-none-eabi/lib/thumb/v7-m/nofp/libc_nano.a(lib_a-fflush.o)
                0x000000000800b8fc                _fflush_r
 .text.std      0x000000000800b974       0x48 /Applications/STM32CubeIDE.app/Contents/Eclipse/plugins/com.st.stm32cube.ide.mcu.externaltools.gnu-tools-for-stm32.10.3-2021.10.macos64_1.0.0.202111181127/tools/bin/../lib/gcc/arm-none-eabi/10.3.1/../../../../arm-none-eabi/lib/thumb/v7-m/nofp/libc_nano.a(lib_a-findfp.o)
 .text._cleanup_r
                0x000000000800b9bc        0xc /Applications/STM32CubeIDE.app/Contents/Eclipse/plugins/com.st.stm32cube.ide.mcu.externaltools.gnu-tools-for-stm32.10.3-2021.10.macos64_1.0.0.202111181127/tools/bin/../lib/gcc/arm-none-eabi/10.3.1/../../../../arm-none-eabi/lib/thumb/v7-m/nofp/libc_nano.a(lib_a-findfp.o)
                0x000000000800b9bc                _cleanup_r
 .text.__sfmoreglue
                0x000000000800b9c8       0x2c /Applications/STM32CubeIDE.app/Contents/Eclipse/plugins/com.st.stm32cube.ide.mcu.externaltools.gnu-tools-for-stm32.10.3-2021.10.macos64_1.0.0.202111181127/tools/bin/../lib/gcc/arm-none-eabi/10.3.1/../../../../arm-none-eabi/lib/thumb/v7-m/nofp/libc_nano.a(lib_a-findfp.o)
                0x000000000800b9c8                __sfmoreglue
 .text.__sfp_lock_acquire
                0x000000000800b9f4        0xc /Applications/STM32CubeIDE.app/Contents/Eclipse/plugins/com.st.stm32cube.ide.mcu.externaltools.gnu-tools-for-stm32.10.3-2021.10.macos64_1.0.0.202111181127/tools/bin/../lib/gcc/arm-none-eabi/10.3.1/../../../../arm-none-eabi/lib/thumb/v7-m/nofp/libc_nano.a(lib_a-findfp.o)
                0x000000000800b9f4                __sfp_lock_acquire
 .text.__sfp_lock_release
                0x000000000800ba00        0xc /Applications/STM32CubeIDE.app/Contents/Eclipse/plugins/com.st.stm32cube.ide.mcu.externaltools.gnu-tools-for-stm32.10.3-2021.10.macos64_1.0.0.202111181127/tools/bin/../lib/gcc/arm-none-eabi/10.3.1/../../../../arm-none-eabi/lib/thumb/v7-m/nofp/libc_nano.a(lib_a-findfp.o)
                0x000000000800ba00                __sfp_lock_release
 .text.__sinit_lock_acquire
                0x000000000800ba0c        0xc /Applications/STM32CubeIDE.app/Contents/Eclipse/plugins/com.st.stm32cube.ide.mcu.externaltools.gnu-tools-for-stm32.10.3-2021.10.macos64_1.0.0.202111181127/tools/bin/../lib/gcc/arm-none-eabi/10.3.1/../../../../arm-none-eabi/lib/thumb/v7-m/nofp/libc_nano.a(lib_a-findfp.o)
                0x000000000800ba0c                __sinit_lock_acquire
 .text.__sinit_lock_release
                0x000000000800ba18        0xc /Applications/STM32CubeIDE.app/Contents/Eclipse/plugins/com.st.stm32cube.ide.mcu.externaltools.gnu-tools-for-stm32.10.3-2021.10.macos64_1.0.0.202111181127/tools/bin/../lib/gcc/arm-none-eabi/10.3.1/../../../../arm-none-eabi/lib/thumb/v7-m/nofp/libc_nano.a(lib_a-findfp.o)
                0x000000000800ba18                __sinit_lock_release
 .text.__sinit  0x000000000800ba24       0x70 /Applications/STM32CubeIDE.app/Contents/Eclipse/plugins/com.st.stm32cube.ide.mcu.externaltools.gnu-tools-for-stm32.10.3-2021.10.macos64_1.0.0.202111181127/tools/bin/../lib/gcc/arm-none-eabi/10.3.1/../../../../arm-none-eabi/lib/thumb/v7-m/nofp/libc_nano.a(lib_a-findfp.o)
                0x000000000800ba24                __sinit
 .text.__sfp    0x000000000800ba94       0x8c /Applications/STM32CubeIDE.app/Contents/Eclipse/plugins/com.st.stm32cube.ide.mcu.externaltools.gnu-tools-for-stm32.10.3-2021.10.macos64_1.0.0.202111181127/tools/bin/../lib/gcc/arm-none-eabi/10.3.1/../../../../arm-none-eabi/lib/thumb/v7-m/nofp/libc_nano.a(lib_a-findfp.o)
                0x000000000800ba94                __sfp
 .text._fwalk_reent
                0x000000000800bb20       0x3e /Applications/STM32CubeIDE.app/Contents/Eclipse/plugins/com.st.stm32cube.ide.mcu.externaltools.gnu-tools-for-stm32.10.3-2021.10.macos64_1.0.0.202111181127/tools/bin/../lib/gcc/arm-none-eabi/10.3.1/../../../../arm-none-eabi/lib/thumb/v7-m/nofp/libc_nano.a(lib_a-fwalk.o)
                0x000000000800bb20                _fwalk_reent
 .text.__retarget_lock_init_recursive
                0x000000000800bb5e        0x2 /Applications/STM32CubeIDE.app/Contents/Eclipse/plugins/com.st.stm32cube.ide.mcu.externaltools.gnu-tools-for-stm32.10.3-2021.10.macos64_1.0.0.202111181127/tools/bin/../lib/gcc/arm-none-eabi/10.3.1/../../../../arm-none-eabi/lib/thumb/v7-m/nofp/libc_nano.a(lib_a-lock.o)
                0x000000000800bb5e                __retarget_lock_init_recursive
 .text.__retarget_lock_acquire_recursive
                0x000000000800bb60        0x2 /Applications/STM32CubeIDE.app/Contents/Eclipse/plugins/com.st.stm32cube.ide.mcu.externaltools.gnu-tools-for-stm32.10.3-2021.10.macos64_1.0.0.202111181127/tools/bin/../lib/gcc/arm-none-eabi/10.3.1/../../../../arm-none-eabi/lib/thumb/v7-m/nofp/libc_nano.a(lib_a-lock.o)
                0x000000000800bb60                __retarget_lock_acquire_recursive
 .text.__retarget_lock_release_recursive
                0x000000000800bb62        0x2 /Applications/STM32CubeIDE.app/Contents/Eclipse/plugins/com.st.stm32cube.ide.mcu.externaltools.gnu-tools-for-stm32.10.3-2021.10.macos64_1.0.0.202111181127/tools/bin/../lib/gcc/arm-none-eabi/10.3.1/../../../../arm-none-eabi/lib/thumb/v7-m/nofp/libc_nano.a(lib_a-lock.o)
                0x000000000800bb62                __retarget_lock_release_recursive
 .text.__swhatbuf_r
                0x000000000800bb64       0x4a /Applications/STM32CubeIDE.app/Contents/Eclipse/plugins/com.st.stm32cube.ide.mcu.externaltools.gnu-tools-for-stm32.10.3-2021.10.macos64_1.0.0.202111181127/tools/bin/../lib/gcc/arm-none-eabi/10.3.1/../../../../arm-none-eabi/lib/thumb/v7-m/nofp/libc_nano.a(lib_a-makebuf.o)
                0x000000000800bb64                __swhatbuf_r
 *fill*         0x000000000800bbae        0x2 
 .text.__smakebuf_r
                0x000000000800bbb0       0x80 /Applications/STM32CubeIDE.app/Contents/Eclipse/plugins/com.st.stm32cube.ide.mcu.externaltools.gnu-tools-for-stm32.10.3-2021.10.macos64_1.0.0.202111181127/tools/bin/../lib/gcc/arm-none-eabi/10.3.1/../../../../arm-none-eabi/lib/thumb/v7-m/nofp/libc_nano.a(lib_a-makebuf.o)
                0x000000000800bbb0                __smakebuf_r
 .text._malloc_usable_size_r
                0x000000000800bc30       0x10 /Applications/STM32CubeIDE.app/Contents/Eclipse/plugins/com.st.stm32cube.ide.mcu.externaltools.gnu-tools-for-stm32.10.3-2021.10.macos64_1.0.0.202111181127/tools/bin/../lib/gcc/arm-none-eabi/10.3.1/../../../../arm-none-eabi/lib/thumb/v7-m/nofp/libc_nano.a(lib_a-nano-msizer.o)
                0x000000000800bc30                _malloc_usable_size_r
 .text._raise_r
                0x000000000800bc40       0x50 /Applications/STM32CubeIDE.app/Contents/Eclipse/plugins/com.st.stm32cube.ide.mcu.externaltools.gnu-tools-for-stm32.10.3-2021.10.macos64_1.0.0.202111181127/tools/bin/../lib/gcc/arm-none-eabi/10.3.1/../../../../arm-none-eabi/lib/thumb/v7-m/nofp/libc_nano.a(lib_a-signal.o)
                0x000000000800bc40                _raise_r
 .text.raise    0x000000000800bc90       0x10 /Applications/STM32CubeIDE.app/Contents/Eclipse/plugins/com.st.stm32cube.ide.mcu.externaltools.gnu-tools-for-stm32.10.3-2021.10.macos64_1.0.0.202111181127/tools/bin/../lib/gcc/arm-none-eabi/10.3.1/../../../../arm-none-eabi/lib/thumb/v7-m/nofp/libc_nano.a(lib_a-signal.o)
                0x000000000800bc90                raise
 .text._kill_r  0x000000000800bca0       0x24 /Applications/STM32CubeIDE.app/Contents/Eclipse/plugins/com.st.stm32cube.ide.mcu.externaltools.gnu-tools-for-stm32.10.3-2021.10.macos64_1.0.0.202111181127/tools/bin/../lib/gcc/arm-none-eabi/10.3.1/../../../../arm-none-eabi/lib/thumb/v7-m/nofp/libc_nano.a(lib_a-signalr.o)
                0x000000000800bca0                _kill_r
 .text._getpid_r
                0x000000000800bcc4        0x4 /Applications/STM32CubeIDE.app/Contents/Eclipse/plugins/com.st.stm32cube.ide.mcu.externaltools.gnu-tools-for-stm32.10.3-2021.10.macos64_1.0.0.202111181127/tools/bin/../lib/gcc/arm-none-eabi/10.3.1/../../../../arm-none-eabi/lib/thumb/v7-m/nofp/libc_nano.a(lib_a-signalr.o)
                0x000000000800bcc4                _getpid_r
 .text.__sread  0x000000000800bcc8       0x22 /Applications/STM32CubeIDE.app/Contents/Eclipse/plugins/com.st.stm32cube.ide.mcu.externaltools.gnu-tools-for-stm32.10.3-2021.10.macos64_1.0.0.202111181127/tools/bin/../lib/gcc/arm-none-eabi/10.3.1/../../../../arm-none-eabi/lib/thumb/v7-m/nofp/libc_nano.a(lib_a-stdio.o)
                0x000000000800bcc8                __sread
 .text.__swrite
                0x000000000800bcea       0x38 /Applications/STM32CubeIDE.app/Contents/Eclipse/plugins/com.st.stm32cube.ide.mcu.externaltools.gnu-tools-for-stm32.10.3-2021.10.macos64_1.0.0.202111181127/tools/bin/../lib/gcc/arm-none-eabi/10.3.1/../../../../arm-none-eabi/lib/thumb/v7-m/nofp/libc_nano.a(lib_a-stdio.o)
                0x000000000800bcea                __swrite
 .text.__sseek  0x000000000800bd22       0x24 /Applications/STM32CubeIDE.app/Contents/Eclipse/plugins/com.st.stm32cube.ide.mcu.externaltools.gnu-tools-for-stm32.10.3-2021.10.macos64_1.0.0.202111181127/tools/bin/../lib/gcc/arm-none-eabi/10.3.1/../../../../arm-none-eabi/lib/thumb/v7-m/nofp/libc_nano.a(lib_a-stdio.o)
                0x000000000800bd22                __sseek
 .text.__sclose
                0x000000000800bd46        0x8 /Applications/STM32CubeIDE.app/Contents/Eclipse/plugins/com.st.stm32cube.ide.mcu.externaltools.gnu-tools-for-stm32.10.3-2021.10.macos64_1.0.0.202111181127/tools/bin/../lib/gcc/arm-none-eabi/10.3.1/../../../../arm-none-eabi/lib/thumb/v7-m/nofp/libc_nano.a(lib_a-stdio.o)
                0x000000000800bd46                __sclose
 *fill*         0x000000000800bd4e        0x2 
 .text._write_r
                0x000000000800bd50       0x24 /Applications/STM32CubeIDE.app/Contents/Eclipse/plugins/com.st.stm32cube.ide.mcu.externaltools.gnu-tools-for-stm32.10.3-2021.10.macos64_1.0.0.202111181127/tools/bin/../lib/gcc/arm-none-eabi/10.3.1/../../../../arm-none-eabi/lib/thumb/v7-m/nofp/libc_nano.a(lib_a-writer.o)
                0x000000000800bd50                _write_r
 .text._close_r
                0x000000000800bd74       0x20 /Applications/STM32CubeIDE.app/Contents/Eclipse/plugins/com.st.stm32cube.ide.mcu.externaltools.gnu-tools-for-stm32.10.3-2021.10.macos64_1.0.0.202111181127/tools/bin/../lib/gcc/arm-none-eabi/10.3.1/../../../../arm-none-eabi/lib/thumb/v7-m/nofp/libc_nano.a(lib_a-closer.o)
                0x000000000800bd74                _close_r
 .text._fstat_r
                0x000000000800bd94       0x24 /Applications/STM32CubeIDE.app/Contents/Eclipse/plugins/com.st.stm32cube.ide.mcu.externaltools.gnu-tools-for-stm32.10.3-2021.10.macos64_1.0.0.202111181127/tools/bin/../lib/gcc/arm-none-eabi/10.3.1/../../../../arm-none-eabi/lib/thumb/v7-m/nofp/libc_nano.a(lib_a-fstatr.o)
                0x000000000800bd94                _fstat_r
 .text._isatty_r
                0x000000000800bdb8       0x20 /Applications/STM32CubeIDE.app/Contents/Eclipse/plugins/com.st.stm32cube.ide.mcu.externaltools.gnu-tools-for-stm32.10.3-2021.10.macos64_1.0.0.202111181127/tools/bin/../lib/gcc/arm-none-eabi/10.3.1/../../../../arm-none-eabi/lib/thumb/v7-m/nofp/libc_nano.a(lib_a-isattyr.o)
                0x000000000800bdb8                _isatty_r
 .text._lseek_r
                0x000000000800bdd8       0x24 /Applications/STM32CubeIDE.app/Contents/Eclipse/plugins/com.st.stm32cube.ide.mcu.externaltools.gnu-tools-for-stm32.10.3-2021.10.macos64_1.0.0.202111181127/tools/bin/../lib/gcc/arm-none-eabi/10.3.1/../../../../arm-none-eabi/lib/thumb/v7-m/nofp/libc_nano.a(lib_a-lseekr.o)
                0x000000000800bdd8                _lseek_r
 .text._read_r  0x000000000800bdfc       0x24 /Applications/STM32CubeIDE.app/Contents/Eclipse/plugins/com.st.stm32cube.ide.mcu.externaltools.gnu-tools-for-stm32.10.3-2021.10.macos64_1.0.0.202111181127/tools/bin/../lib/gcc/arm-none-eabi/10.3.1/../../../../arm-none-eabi/lib/thumb/v7-m/nofp/libc_nano.a(lib_a-readr.o)
                0x000000000800bdfc                _read_r
 *(.glue_7)
 .glue_7        0x000000000800be20        0x0 linker stubs
 *(.glue_7t)
 .glue_7t       0x000000000800be20        0x0 linker stubs
 *(.eh_frame)
 .eh_frame      0x000000000800be20        0x0 /Applications/STM32CubeIDE.app/Contents/Eclipse/plugins/com.st.stm32cube.ide.mcu.externaltools.gnu-tools-for-stm32.10.3-2021.10.macos64_1.0.0.202111181127/tools/bin/../lib/gcc/arm-none-eabi/10.3.1/thumb/v7-m/nofp/crtbegin.o
 *(.init)
 .init          0x000000000800be20        0x4 /Applications/STM32CubeIDE.app/Contents/Eclipse/plugins/com.st.stm32cube.ide.mcu.externaltools.gnu-tools-for-stm32.10.3-2021.10.macos64_1.0.0.202111181127/tools/bin/../lib/gcc/arm-none-eabi/10.3.1/thumb/v7-m/nofp/crti.o
                0x000000000800be20                _init
 .init          0x000000000800be24        0x8 /Applications/STM32CubeIDE.app/Contents/Eclipse/plugins/com.st.stm32cube.ide.mcu.externaltools.gnu-tools-for-stm32.10.3-2021.10.macos64_1.0.0.202111181127/tools/bin/../lib/gcc/arm-none-eabi/10.3.1/thumb/v7-m/nofp/crtn.o
 *(.fini)
 .fini          0x000000000800be2c        0x4 /Applications/STM32CubeIDE.app/Contents/Eclipse/plugins/com.st.stm32cube.ide.mcu.externaltools.gnu-tools-for-stm32.10.3-2021.10.macos64_1.0.0.202111181127/tools/bin/../lib/gcc/arm-none-eabi/10.3.1/thumb/v7-m/nofp/crti.o
                0x000000000800be2c                _fini
 .fini          0x000000000800be30        0x8 /Applications/STM32CubeIDE.app/Contents/Eclipse/plugins/com.st.stm32cube.ide.mcu.externaltools.gnu-tools-for-stm32.10.3-2021.10.macos64_1.0.0.202111181127/tools/bin/../lib/gcc/arm-none-eabi/10.3.1/thumb/v7-m/nofp/crtn.o
                0x000000000800be38                . = ALIGN (0x4)
                0x000000000800be38                _etext = .

.vfp11_veneer   0x000000000800be38        0x0
 .vfp11_veneer  0x000000000800be38        0x0 linker stubs

.v4_bx          0x000000000800be38        0x0
 .v4_bx         0x000000000800be38        0x0 linker stubs

.iplt           0x000000000800be38        0x0
 .iplt          0x000000000800be38        0x0 /Applications/STM32CubeIDE.app/Contents/Eclipse/plugins/com.st.stm32cube.ide.mcu.externaltools.gnu-tools-for-stm32.10.3-2021.10.macos64_1.0.0.202111181127/tools/bin/../lib/gcc/arm-none-eabi/10.3.1/thumb/v7-m/nofp/crtbegin.o

.rodata         0x000000000800be38      0xfe4
                0x000000000800be38                . = ALIGN (0x4)
 *(.rodata)
 .rodata        0x000000000800be38        0x8 ./Core/Src/main.o
 .rodata        0x000000000800be40        0x3 ./Core/Src/sht21.o
 *(.rodata*)
 .rodata.Init_SD.str1.1
                0x000000000800be43       0xba ./Core/Src/main.o
                                         0xbb (size before relaxing)
 .rodata.Init_BMP280.str1.1
                0x000000000800befd       0x1e ./Core/Src/main.o
 .rodata.Read_BMP280.str1.1
                0x000000000800bf1b       0x3f ./Core/Src/main.o
 .rodata.set_time.str1.1
                0x000000000800bf5a       0x19 ./Core/Src/main.o
 .rodata.Set_Status.str1.1
                0x000000000800bf73       0x4f ./Core/Src/main.o
 .rodata.Leer_TFTSwitch.str1.1
                0x000000000800bfc2       0x1d ./Core/Src/main.o
 .rodata.HAL_TIM_PeriodElapsedCallback.str1.1
                0x000000000800bfdf       0x30 ./Core/Src/main.o
 .rodata.HAL_UART_TxCpltCallback.str1.1
                0x000000000800c00f       0x49 ./Core/Src/main.o
 .rodata.SCD30_Init.str1.1
                0x000000000800c058       0x16 ./Core/Src/main.o
 .rodata.Init_Sensors.str1.1
                0x000000000800c06e      0x10b ./Core/Src/main.o
 .rodata.Read_All_Sensors.str1.1
                0x000000000800c179       0x13 ./Core/Src/main.o
 .rodata.Send_Commands.str1.1
                0x000000000800c18c       0x15 ./Core/Src/main.o
 .rodata.HAL_GPIO_EXTI_Callback.str1.1
                0x000000000800c1a1       0x97 ./Core/Src/main.o
 .rodata.main.str1.1
                0x000000000800c238      0x280 ./Core/Src/main.o
 .rodata.AHBPrescTable
                0x000000000800c4b8       0x10 ./Core/Src/system_stm32f1xx.o
                0x000000000800c4b8                AHBPrescTable
 .rodata.APBPrescTable
                0x000000000800c4c8        0x8 ./Core/Src/system_stm32f1xx.o
                0x000000000800c4c8                APBPrescTable
 .rodata.HAL_RCC_GetSysClockFreq.str1.1
                0x000000000800c4d0       0x11 ./Drivers/STM32F1xx_HAL_Driver/Src/stm32f1xx_hal_rcc.o
 .rodata.HAL_RCCEx_GetPeriphCLKFreq.str1.1
                0x000000000800c4e1       0x11 ./Drivers/STM32F1xx_HAL_Driver/Src/stm32f1xx_hal_rcc_ex.o
 .rodata.follow_path.str1.1
                0x000000000800c4e1       0x10 ./Middlewares/Third_Party/FatFs/src/ff.o
 .rodata.ExCvt  0x000000000800c4f1       0x80 ./Middlewares/Third_Party/FatFs/src/ff.o
 .rodata.LfnOfs
                0x000000000800c571        0xd ./Middlewares/Third_Party/FatFs/src/ff.o
 .rodata.Tbl    0x000000000800c57e      0x100 ./Middlewares/Third_Party/FatFs/src/option/ccsbcs.o
 .rodata.tbl_lower.1
                0x000000000800c67e      0x1e0 ./Middlewares/Third_Party/FatFs/src/option/ccsbcs.o
 .rodata.tbl_upper.0
                0x000000000800c85e      0x1e0 ./Middlewares/Third_Party/FatFs/src/option/ccsbcs.o
 *fill*         0x000000000800ca3e        0x2 
 .rodata._global_impure_ptr
                0x000000000800ca40        0x4 /Applications/STM32CubeIDE.app/Contents/Eclipse/plugins/com.st.stm32cube.ide.mcu.externaltools.gnu-tools-for-stm32.10.3-2021.10.macos64_1.0.0.202111181127/tools/bin/../lib/gcc/arm-none-eabi/10.3.1/../../../../arm-none-eabi/lib/thumb/v7-m/nofp/libc_nano.a(lib_a-impure.o)
                0x000000000800ca40                _global_impure_ptr
 .rodata._printf_float.str1.1
                0x000000000800ca44       0x10 /Applications/STM32CubeIDE.app/Contents/Eclipse/plugins/com.st.stm32cube.ide.mcu.externaltools.gnu-tools-for-stm32.10.3-2021.10.macos64_1.0.0.202111181127/tools/bin/../lib/gcc/arm-none-eabi/10.3.1/../../../../arm-none-eabi/lib/thumb/v7-m/nofp/libc_nano.a(lib_a-nano-vfprintf_float.o)
                                         0x12 (size before relaxing)
 .rodata._printf_i.str1.1