../Drivers/CMSIS/Include/core_cm3.h:1762:34:__NVIC_SystemReset	0	static,ignoring_inline_asm
../Core/Src/main.c:534:6:SystemClock_Config	88	static,ignoring_inline_asm
../Core/Src/main.c:1000:13:Write_SD	16	static
../Core/Src/main.c:1098:6:WriteMsg	8	static
../Core/Src/main.c:982:13:Init_SD	64	static
../Core/Src/main.c:1066:13:Init_BMP280	16	static
../Core/Src/main.c:1085:13:Read_BMP280	16	static
../Core/Src/main.c:234:6:set_time	16	static,ignoring_inline_asm
../Core/Src/main.c:1103:13:Read_Dust	16	static
../Core/Src/main.c:1127:13:Set_Status	8	static
../Core/Src/main.c:1146:13:Leer_TFTSwitch	8	static
../Core/Src/main.c:1158:6:HAL_TIM_PeriodElapsedCallback	16	static
../Core/Src/main.c:1426:6:HAL_UART_TxCpltCallback	8	static
../Core/Src/main.c:1450:13:SCD30_Init	32	static
../Core/Src/main.c:1473:6:SCD30_Start	24	static
../Core/Src/main.c:1008:13:Init_Sensors	8	static
../Core/Src/main.c:1478:6:SCD30_Restart	24	static
../Core/Src/main.c:1484:13:SCD30_Read	56	static
../Core/Src/main.c:1039:13:Read_All_Sensors	8	static
../Core/Src/main.c:1523:6:Calculate_Time	0	static
../Core/Src/main.c:1558:6:Calculate_SdStat	0	static
../Core/Src/main.c:1574:6:Send_Commands	8	static
../Core/Src/main.c:1281:6:HAL_GPIO_EXTI_Callback	24	static
../Core/Src/main.c:271:5:main	136	static,ignoring_inline_asm
../Core/Src/main.c:1602:6:Error_Handler	0	static,ignoring_inline_asm
